   1               		.file	"keymap_hhkb.c"
   2               	__SP_H__ = 0x3e
   3               	__SP_L__ = 0x3d
   4               	__SREG__ = 0x3f
   5               	__tmp_reg__ = 0
   6               	__zero_reg__ = 1
   7               		.text
   8               	.Ltext0:
   9               		.cfi_sections	.debug_frame
  10               		.section	.text.action_get_macro,"ax",@progbits
  11               	.global	action_get_macro
  13               	action_get_macro:
  14               	.LFB4:
  15               		.file 1 "keymap_hhkb.c"
   1:keymap_hhkb.c **** /*
   2:keymap_hhkb.c ****  * HHKB Layout
   3:keymap_hhkb.c ****  */
   4:keymap_hhkb.c **** #include "keymap_common.h"
   5:keymap_hhkb.c **** 
   6:keymap_hhkb.c **** 
   7:keymap_hhkb.c **** #ifdef KEYMAP_SECTION_ENABLE
   8:keymap_hhkb.c **** const uint8_t keymaps[][MATRIX_ROWS][MATRIX_COLS] __attribute__ ((section (".keymap.keymaps"))) = {
   9:keymap_hhkb.c **** #else
  10:keymap_hhkb.c **** const uint8_t keymaps[][MATRIX_ROWS][MATRIX_COLS] PROGMEM = {
  11:keymap_hhkb.c **** #endif
  12:keymap_hhkb.c ****     /* Layer 0: Default Layer
  13:keymap_hhkb.c ****      * ,-----------------------------------------------------------.
  14:keymap_hhkb.c ****      * |Esc|  1|  2|  3|  4|  5|  6|  7|  8|  9|  0|  -|  =|  \|  `|
  15:keymap_hhkb.c ****      * |-----------------------------------------------------------|
  16:keymap_hhkb.c ****      * |Tab  |  Q|  W|  E|  R|  T|  Y|  U|  I|  O|  P|  [|  ]|Backs|
  17:keymap_hhkb.c ****      * |-----------------------------------------------------------|
  18:keymap_hhkb.c ****      * |Contro|  A|  S|  D|  F|  G|  H|  J|  K|  L|  ;|  '|Enter   |
  19:keymap_hhkb.c ****      * |-----------------------------------------------------------|
  20:keymap_hhkb.c ****      * |Shift   |  Z|  X|  C|  V|  B|  N|  M|  ,|  .|  /|Shift |Fn0|
  21:keymap_hhkb.c ****      * `-----------------------------------------------------------'
  22:keymap_hhkb.c ****      *       |Alt|Gui  |         Space         |Gui  |Alt|
  23:keymap_hhkb.c ****      *       `-------------------------------------------'
  24:keymap_hhkb.c ****      */
  25:keymap_hhkb.c ****     KEYMAP(ESC, 1,   2,   3,   4,   5,   6,   7,   8,   9,   0,   MINS,EQL, BSLS,GRV,   \
  26:keymap_hhkb.c ****            TAB, Q,   W,   E,   R,   T,   Y,   U,   I,   O,   P,   LBRC,RBRC,BSPC,       \
  27:keymap_hhkb.c ****            FN2, FN1,   S,   D,   F,   G,   H,   J,   K,   L,  SCLN,QUOT,ENT,             \
  28:keymap_hhkb.c ****            LSFT,Z,   X,   C,   V,   B,   N,   M,   COMM,DOT, SLSH,RSFT,FN0,             \
  29:keymap_hhkb.c ****                 LGUI,LALT,          SPC,                RALT,RGUI),
  30:keymap_hhkb.c **** 
  31:keymap_hhkb.c ****     /* Layer 1: HHKB mode (HHKB Fn)
  32:keymap_hhkb.c ****      * ,-----------------------------------------------------------.
  33:keymap_hhkb.c ****      * |Pwr| F1| F2| F3| F4| F5| F6| F7| F8| F9|F10|F11|F12|Ins|Del|
  34:keymap_hhkb.c ****      * |-----------------------------------------------------------|
  35:keymap_hhkb.c ****      * |Caps |   |   |   |   |   |   |   |Psc|Slk|Pus|Up |   |Backs|
  36:keymap_hhkb.c ****      * |-----------------------------------------------------------|
  37:keymap_hhkb.c ****      * |      |VoD|VoU|Mut|   |   |  *|  /|Hom|PgU|Lef|Rig|Enter   |
  38:keymap_hhkb.c ****      * |-----------------------------------------------------------|
  39:keymap_hhkb.c ****      * |        |   |   |   |   |   |  +|  -|End|PgD|Dow|      |   |
  40:keymap_hhkb.c ****      * `-----------------------------------------------------------'
  41:keymap_hhkb.c ****      *       |   |     |                       |     |   |
  42:keymap_hhkb.c ****      *       `-------------------------------------------'
  43:keymap_hhkb.c ****      */
  44:keymap_hhkb.c ****     KEYMAP(TRNS, F1,  F2,  F3,  F4,  F5,  F6,  F7,  F8,  F9,  F10, F11, F12, INS, DEL,   \
  45:keymap_hhkb.c ****            CAPS,TRNS,TRNS,TRNS,TRNS,TRNS,TRNS,TRNS,PSCR,SLCK,PAUS, UP, TRNS, BSPC,      \
  46:keymap_hhkb.c ****            TRNS,VOLD,VOLU,MUTE,TRNS,TRNS,PAST,PSLS,HOME,PGUP,LEFT,RGHT,PENT,            \
  47:keymap_hhkb.c ****            TRNS,TRNS,TRNS,TRNS,TRNS,TRNS,PPLS,PMNS,END, PGDN,DOWN,TRNS,TRNS,            \
  48:keymap_hhkb.c ****                 TRNS,TRNS,          TRNS,               TRNS,TRNS),
  49:keymap_hhkb.c **** 
  50:keymap_hhkb.c ****     /* Layer 2: yg mode
  51:keymap_hhkb.c ****      * ,-----------------------------------------------------------.
  52:keymap_hhkb.c ****      * |Pwr| F1| F2| F3| F4| F5| F6| F7| F8| F9|F10|F11|F12|Ins|Del|
  53:keymap_hhkb.c ****      * |-----------------------------------------------------------|
  54:keymap_hhkb.c ****      * |Caps |   |   |   |   |   |   |   |Psc|Slk|Pus|Up |   |Backs|
  55:keymap_hhkb.c ****      * |-----------------------------------------------------------|
  56:keymap_hhkb.c ****      * |      |VoD|VoU|Mut|   |   |  *|  /|Hom|PgU|Lef|Rig|Enter   |
  57:keymap_hhkb.c ****      * |-----------------------------------------------------------|
  58:keymap_hhkb.c ****      * |        |   |   |   |   |   |  +|  -|End|PgD|Dow|      |   |
  59:keymap_hhkb.c ****      * `-----------------------------------------------------------'
  60:keymap_hhkb.c ****      *       |   |     |                       |     |   |
  61:keymap_hhkb.c ****      *       `-------------------------------------------'
  62:keymap_hhkb.c ****      */
  63:keymap_hhkb.c ****     KEYMAP(TRNS, TRNS,  TRNS,  TRNS,  TRNS,  TRNS,  TRNS,  TRNS,  TRNS,  TRNS,  TRNS, TRNS, TRNS, T
  64:keymap_hhkb.c ****            CAPS,TRNS,TRNS,TRNS,TRNS,TRNS,TRNS,TRNS,TRNS,TRNS,TRNS, TRNS, TRNS, TRNS,      \
  65:keymap_hhkb.c ****            TRNS,TRNS,TRNS,TRNS,TRNS,TRNS,LEFT,DOWN,UP,RGHT,TRNS,TRNS,BSPC,            \
  66:keymap_hhkb.c ****            TRNS,TRNS,TRNS,TRNS,TRNS,TRNS,TRNS,TRNS, TRNS,FN3,TRNS,TRNS,TRNS,            \
  67:keymap_hhkb.c ****                 TRNS,TRNS,          DEL,               TRNS,TRNS),
  68:keymap_hhkb.c **** 
  69:keymap_hhkb.c ****     /* Layer 3: yg mouse mode
  70:keymap_hhkb.c ****      * ,-----------------------------------------------------------.
  71:keymap_hhkb.c ****      * |Pwr| F1| F2| F3| F4| F5| F6| F7| F8| F9|F10|F11|F12|Ins|Del|
  72:keymap_hhkb.c ****      * |-----------------------------------------------------------|
  73:keymap_hhkb.c ****      * |Caps |   |   |   |   |   |   |   |Psc|Slk|Pus|Up |   |Backs|
  74:keymap_hhkb.c ****      * |-----------------------------------------------------------|
  75:keymap_hhkb.c ****      * |      |VoD|VoU|Mut|   |   |  *|  /|Hom|PgU|Lef|Rig|Enter   |
  76:keymap_hhkb.c ****      * |-----------------------------------------------------------|
  77:keymap_hhkb.c ****      * |        |   |   |   |   |   |  +|  -|End|PgD|Dow|      |   |
  78:keymap_hhkb.c ****      * `-----------------------------------------------------------'
  79:keymap_hhkb.c ****      *       |   |     |                       |     |   |
  80:keymap_hhkb.c ****      *       `-------------------------------------------'
  81:keymap_hhkb.c ****      */
  82:keymap_hhkb.c ****     KEYMAP(TRNS, TRNS,  TRNS,  TRNS,  TRNS,  TRNS,  TRNS,  TRNS,  TRNS,  TRNS,  TRNS, TRNS, TRNS, T
  83:keymap_hhkb.c ****            TRNS,TRNS,TRNS,TRNS,TRNS,TRNS,TRNS,WH_D,WH_U,TRNS,TRNS, TRNS, TRNS, TRNS,      \
  84:keymap_hhkb.c ****            TRNS,TRNS,TRNS,TRNS,TRNS,TRNS,MS_L,MS_D,MS_U,MS_R,BTN2,TRNS,TRNS,            \
  85:keymap_hhkb.c ****            TRNS,TRNS,TRNS,TRNS,TRNS,TRNS,TRNS,TRNS, TRNS,TRNS,TRNS,TRNS,TRNS,            \
  86:keymap_hhkb.c ****                 TRNS,TRNS,          BTN1,               TRNS,TRNS),
  87:keymap_hhkb.c **** };
  88:keymap_hhkb.c **** 
  89:keymap_hhkb.c **** 
  90:keymap_hhkb.c **** 
  91:keymap_hhkb.c **** /*
  92:keymap_hhkb.c ****  * Fn action definition
  93:keymap_hhkb.c ****  */
  94:keymap_hhkb.c **** enum macro_id {
  95:keymap_hhkb.c ****     HELLO,
  96:keymap_hhkb.c ****     VOLUP,
  97:keymap_hhkb.c ****     ALT_TAB,
  98:keymap_hhkb.c **** };
  99:keymap_hhkb.c **** 
 100:keymap_hhkb.c **** const macro_t *action_get_macro(keyrecord_t *record, uint8_t id, uint8_t opt)
 101:keymap_hhkb.c **** {
  16               		.loc 1 101 0
  17               		.cfi_startproc
  18               	.LVL0:
  19               	/* prologue: function */
  20               	/* frame size = 0 */
  21               	/* stack size = 0 */
  22               	.L__stack_usage = 0
  23 0000 FC01      		movw r30,r24
 102:keymap_hhkb.c ****     switch (id) {
  24               		.loc 1 102 0
  25 0002 6130      		cpi r22,lo8(1)
  26 0004 01F0      		breq .L3
  27 0006 00F0      		brlo .L4
  28 0008 6230      		cpi r22,lo8(2)
  29 000a 01F0      		breq .L5
  30 000c 00C0      		rjmp .L8
  31               	.L4:
 103:keymap_hhkb.c ****         case HELLO:
 104:keymap_hhkb.c ****             return (record->event.pressed ?
 105:keymap_hhkb.c ****                     MACRO(T(SPC),T(MINS),D(LSHIFT),T(DOT),U(LSHIFT),T(SPC), END ) :
  32               		.loc 1 105 0
  33 000e 8281      		ldd r24,Z+2
  34               	.LVL1:
  35 0010 8823      		tst r24
  36 0012 01F0      		breq .L8
  37 0014 80E0      		ldi r24,lo8(__m.2335)
  38 0016 90E0      		ldi r25,hi8(__m.2335)
  39 0018 0895      		ret
  40               	.LVL2:
  41               	.L3:
 106:keymap_hhkb.c ****                     MACRO_NONE );
 107:keymap_hhkb.c ****         case VOLUP:
 108:keymap_hhkb.c ****             return (record->event.pressed ?
 109:keymap_hhkb.c ****                     MACRO( D(VOLU), U(VOLU), END ) :
  42               		.loc 1 109 0
  43 001a 8281      		ldd r24,Z+2
  44               	.LVL3:
  45 001c 8823      		tst r24
  46 001e 01F0      		breq .L8
  47 0020 80E0      		ldi r24,lo8(__m.2338)
  48 0022 90E0      		ldi r25,hi8(__m.2338)
  49 0024 0895      		ret
  50               	.LVL4:
  51               	.L5:
 110:keymap_hhkb.c ****                     MACRO_NONE );
 111:keymap_hhkb.c ****         case ALT_TAB:
 112:keymap_hhkb.c ****             return (record->event.pressed ?
 113:keymap_hhkb.c ****                     MACRO( D(LALT), D(TAB), END ) :
  52               		.loc 1 113 0
  53 0026 8281      		ldd r24,Z+2
  54               	.LVL5:
  55 0028 8111      		cpse r24,__zero_reg__
  56 002a 00C0      		rjmp .L9
  57 002c 80E0      		ldi r24,lo8(__m.2343)
  58 002e 90E0      		ldi r25,hi8(__m.2343)
  59 0030 0895      		ret
  60               	.L8:
 105:keymap_hhkb.c ****                     MACRO_NONE );
  61               		.loc 1 105 0
  62 0032 80E0      		ldi r24,0
  63 0034 90E0      		ldi r25,0
  64 0036 0895      		ret
  65               	.L9:
  66               		.loc 1 113 0
  67 0038 80E0      		ldi r24,lo8(__m.2341)
  68 003a 90E0      		ldi r25,hi8(__m.2341)
 114:keymap_hhkb.c ****                     MACRO( U(TAB), END ));
 115:keymap_hhkb.c ****     }
 116:keymap_hhkb.c ****     return MACRO_NONE;
 117:keymap_hhkb.c **** }
  69               		.loc 1 117 0
  70 003c 0895      		ret
  71               		.cfi_endproc
  72               	.LFE4:
  74               		.section	.progmem.data.__m.2343,"a",@progbits
  77               	__m.2343:
  78 0000 02        		.byte	2
  79 0001 2B        		.byte	43
  80 0002 00        		.byte	0
  81               		.section	.progmem.data.__m.2341,"a",@progbits
  84               	__m.2341:
  85 0000 01        		.byte	1
  86 0001 E2        		.byte	-30
  87 0002 01        		.byte	1
  88 0003 2B        		.byte	43
  89 0004 00        		.byte	0
  90               		.section	.progmem.data.__m.2338,"a",@progbits
  93               	__m.2338:
  94 0000 01        		.byte	1
  95 0001 A9        		.byte	-87
  96 0002 02        		.byte	2
  97 0003 A9        		.byte	-87
  98 0004 00        		.byte	0
  99               		.section	.progmem.data.__m.2335,"a",@progbits
 102               	__m.2335:
 103 0000 01        		.byte	1
 104 0001 2C        		.byte	44
 105 0002 02        		.byte	2
 106 0003 2C        		.byte	44
 107 0004 01        		.byte	1
 108 0005 2D        		.byte	45
 109 0006 02        		.byte	2
 110 0007 2D        		.byte	45
 111 0008 01        		.byte	1
 112 0009 E1        		.byte	-31
 113 000a 01        		.byte	1
 114 000b 37        		.byte	55
 115 000c 02        		.byte	2
 116 000d 37        		.byte	55
 117 000e 02        		.byte	2
 118 000f E1        		.byte	-31
 119 0010 01        		.byte	1
 120 0011 2C        		.byte	44
 121 0012 02        		.byte	2
 122 0013 2C        		.byte	44
 123 0014 00        		.byte	0
 124               	.global	fn_actions
 125               		.section	.progmem.data.fn_actions,"a",@progbits
 128               	fn_actions:
 129 0000 F1A1      		.word	-24079
 130 0002 04A2      		.word	-24060
 131 0004 16A3      		.word	-23786
 132 0006 2921      		.word	8489
 133 0008 00C0      		.word	-16384
 134               	.global	keymaps
 135               		.section	.progmem.data.keymaps,"a",@progbits
 138               	keymaps:
 139 0000 1F        		.byte	31
 140 0001 14        		.byte	20
 141 0002 1A        		.byte	26
 142 0003 16        		.byte	22
 143 0004 C1        		.byte	-63
 144 0005 1D        		.byte	29
 145 0006 1B        		.byte	27
 146 0007 06        		.byte	6
 147 0008 20        		.byte	32
 148 0009 21        		.byte	33
 149 000a 15        		.byte	21
 150 000b 08        		.byte	8
 151 000c 07        		.byte	7
 152 000d 09        		.byte	9
 153 000e 19        		.byte	25
 154 000f 05        		.byte	5
 155 0010 22        		.byte	34
 156 0011 23        		.byte	35
 157 0012 1C        		.byte	28
 158 0013 17        		.byte	23
 159 0014 0A        		.byte	10
 160 0015 0B        		.byte	11
 161 0016 11        		.byte	17
 162 0017 00        		.byte	0
 163 0018 1E        		.byte	30
 164 0019 29        		.byte	41
 165 001a 2B        		.byte	43
 166 001b C2        		.byte	-62
 167 001c E1        		.byte	-31
 168 001d E3        		.byte	-29
 169 001e E2        		.byte	-30
 170 001f 2C        		.byte	44
 171 0020 24        		.byte	36
 172 0021 25        		.byte	37
 173 0022 18        		.byte	24
 174 0023 0C        		.byte	12
 175 0024 0E        		.byte	14
 176 0025 0D        		.byte	13
 177 0026 10        		.byte	16
 178 0027 00        		.byte	0
 179 0028 31        		.byte	49
 180 0029 35        		.byte	53
 181 002a 2A        		.byte	42
 182 002b 28        		.byte	40
 183 002c C0        		.byte	-64
 184 002d E5        		.byte	-27
 185 002e E7        		.byte	-25
 186 002f E6        		.byte	-26
 187 0030 26        		.byte	38
 188 0031 27        		.byte	39
 189 0032 12        		.byte	18
 190 0033 13        		.byte	19
 191 0034 33        		.byte	51
 192 0035 0F        		.byte	15
 193 0036 36        		.byte	54
 194 0037 00        		.byte	0
 195 0038 2D        		.byte	45
 196 0039 2E        		.byte	46
 197 003a 30        		.byte	48
 198 003b 2F        		.byte	47
 199 003c 34        		.byte	52
 200 003d 38        		.byte	56
 201 003e 37        		.byte	55
 202 003f 00        		.byte	0
 203 0040 3B        		.byte	59
 204 0041 01        		.byte	1
 205 0042 01        		.byte	1
 206 0043 A9        		.byte	-87
 207 0044 AA        		.byte	-86
 208 0045 01        		.byte	1
 209 0046 01        		.byte	1
 210 0047 01        		.byte	1
 211 0048 3C        		.byte	60
 212 0049 3D        		.byte	61
 213 004a 01        		.byte	1
 214 004b 01        		.byte	1
 215 004c A8        		.byte	-88
 216 004d 01        		.byte	1
 217 004e 01        		.byte	1
 218 004f 01        		.byte	1
 219 0050 3E        		.byte	62
 220 0051 3F        		.byte	63
 221 0052 01        		.byte	1
 222 0053 01        		.byte	1
 223 0054 01        		.byte	1
 224 0055 55        		.byte	85
 225 0056 57        		.byte	87
 226 0057 00        		.byte	0
 227 0058 3A        		.byte	58
 228 0059 01        		.byte	1
 229 005a 39        		.byte	57
 230 005b 01        		.byte	1
 231 005c 01        		.byte	1
 232 005d 01        		.byte	1
 233 005e 01        		.byte	1
 234 005f 01        		.byte	1
 235 0060 40        		.byte	64
 236 0061 41        		.byte	65
 237 0062 01        		.byte	1
 238 0063 46        		.byte	70
 239 0064 4A        		.byte	74
 240 0065 54        		.byte	84
 241 0066 56        		.byte	86
 242 0067 00        		.byte	0
 243 0068 49        		.byte	73
 244 0069 4C        		.byte	76
 245 006a 2A        		.byte	42
 246 006b 58        		.byte	88
 247 006c 01        		.byte	1
 248 006d 01        		.byte	1
 249 006e 01        		.byte	1
 250 006f 01        		.byte	1
 251 0070 42        		.byte	66
 252 0071 43        		.byte	67
 253 0072 47        		.byte	71
 254 0073 48        		.byte	72
 255 0074 50        		.byte	80
 256 0075 4B        		.byte	75
 257 0076 4D        		.byte	77
 258 0077 00        		.byte	0
 259 0078 44        		.byte	68
 260 0079 45        		.byte	69
 261 007a 01        		.byte	1
 262 007b 52        		.byte	82
 263 007c 4F        		.byte	79
 264 007d 51        		.byte	81
 265 007e 4E        		.byte	78
 266 007f 00        		.byte	0
 267 0080 01        		.byte	1
 268 0081 01        		.byte	1
 269 0082 01        		.byte	1
 270 0083 01        		.byte	1
 271 0084 01        		.byte	1
 272 0085 01        		.byte	1
 273 0086 01        		.byte	1
 274 0087 01        		.byte	1
 275 0088 01        		.byte	1
 276 0089 01        		.byte	1
 277 008a 01        		.byte	1
 278 008b 01        		.byte	1
 279 008c 01        		.byte	1
 280 008d 01        		.byte	1
 281 008e 01        		.byte	1
 282 008f 01        		.byte	1
 283 0090 01        		.byte	1
 284 0091 01        		.byte	1
 285 0092 01        		.byte	1
 286 0093 01        		.byte	1
 287 0094 01        		.byte	1
 288 0095 50        		.byte	80
 289 0096 01        		.byte	1
 290 0097 00        		.byte	0
 291 0098 01        		.byte	1
 292 0099 01        		.byte	1
 293 009a 39        		.byte	57
 294 009b 01        		.byte	1
 295 009c 01        		.byte	1
 296 009d 01        		.byte	1
 297 009e 01        		.byte	1
 298 009f 4C        		.byte	76
 299 00a0 01        		.byte	1
 300 00a1 01        		.byte	1
 301 00a2 01        		.byte	1
 302 00a3 01        		.byte	1
 303 00a4 52        		.byte	82
 304 00a5 51        		.byte	81
 305 00a6 01        		.byte	1
 306 00a7 00        		.byte	0
 307 00a8 01        		.byte	1
 308 00a9 01        		.byte	1
 309 00aa 01        		.byte	1
 310 00ab 2A        		.byte	42
 311 00ac 01        		.byte	1
 312 00ad 01        		.byte	1
 313 00ae 01        		.byte	1
 314 00af 01        		.byte	1
 315 00b0 01        		.byte	1
 316 00b1 01        		.byte	1
 317 00b2 01        		.byte	1
 318 00b3 01        		.byte	1
 319 00b4 01        		.byte	1
 320 00b5 4F        		.byte	79
 321 00b6 01        		.byte	1
 322 00b7 00        		.byte	0
 323 00b8 01        		.byte	1
 324 00b9 01        		.byte	1
 325 00ba 01        		.byte	1
 326 00bb 01        		.byte	1
 327 00bc 01        		.byte	1
 328 00bd 01        		.byte	1
 329 00be C3        		.byte	-61
 330 00bf 00        		.byte	0
 331 00c0 01        		.byte	1
 332 00c1 01        		.byte	1
 333 00c2 01        		.byte	1
 334 00c3 01        		.byte	1
 335 00c4 01        		.byte	1
 336 00c5 01        		.byte	1
 337 00c6 01        		.byte	1
 338 00c7 01        		.byte	1
 339 00c8 01        		.byte	1
 340 00c9 01        		.byte	1
 341 00ca 01        		.byte	1
 342 00cb 01        		.byte	1
 343 00cc 01        		.byte	1
 344 00cd 01        		.byte	1
 345 00ce 01        		.byte	1
 346 00cf 01        		.byte	1
 347 00d0 01        		.byte	1
 348 00d1 01        		.byte	1
 349 00d2 01        		.byte	1
 350 00d3 01        		.byte	1
 351 00d4 01        		.byte	1
 352 00d5 F2        		.byte	-14
 353 00d6 01        		.byte	1
 354 00d7 00        		.byte	0
 355 00d8 01        		.byte	1
 356 00d9 01        		.byte	1
 357 00da 01        		.byte	1
 358 00db 01        		.byte	1
 359 00dc 01        		.byte	1
 360 00dd 01        		.byte	1
 361 00de 01        		.byte	1
 362 00df F4        		.byte	-12
 363 00e0 01        		.byte	1
 364 00e1 01        		.byte	1
 365 00e2 FA        		.byte	-6
 366 00e3 F9        		.byte	-7
 367 00e4 F0        		.byte	-16
 368 00e5 F1        		.byte	-15
 369 00e6 01        		.byte	1
 370 00e7 00        		.byte	0
 371 00e8 01        		.byte	1
 372 00e9 01        		.byte	1
 373 00ea 01        		.byte	1
 374 00eb 01        		.byte	1
 375 00ec 01        		.byte	1
 376 00ed 01        		.byte	1
 377 00ee 01        		.byte	1
 378 00ef 01        		.byte	1
 379 00f0 01        		.byte	1
 380 00f1 01        		.byte	1
 381 00f2 01        		.byte	1
 382 00f3 01        		.byte	1
 383 00f4 F5        		.byte	-11
 384 00f5 F3        		.byte	-13
 385 00f6 01        		.byte	1
 386 00f7 00        		.byte	0
 387 00f8 01        		.byte	1
 388 00f9 01        		.byte	1
 389 00fa 01        		.byte	1
 390 00fb 01        		.byte	1
 391 00fc 01        		.byte	1
 392 00fd 01        		.byte	1
 393 00fe 01        		.byte	1
 394 00ff 00        		.byte	0
 395               		.comm	keymap_config,1,1
 396               		.text
 397               	.Letext0:
 398               		.file 2 "/usr/lib/avr/include/stdint.h"
 399               		.file 3 "../../tmk_core/common/keycode.h"
 400               		.file 4 "../../tmk_core/common/keyboard.h"
 401               		.file 5 "../../tmk_core/common/action_code.h"
 402               		.file 6 "../../tmk_core/common/action_macro.h"
 403               		.file 7 "../../tmk_core/common/action.h"
 404               		.file 8 "../../tmk_core/common/keymap.h"
DEFINED SYMBOLS
                            *ABS*:0000000000000000 keymap_hhkb.c
     /tmp/ccwBO9ZC.s:2      *ABS*:000000000000003e __SP_H__
     /tmp/ccwBO9ZC.s:3      *ABS*:000000000000003d __SP_L__
     /tmp/ccwBO9ZC.s:4      *ABS*:000000000000003f __SREG__
     /tmp/ccwBO9ZC.s:5      *ABS*:0000000000000000 __tmp_reg__
     /tmp/ccwBO9ZC.s:6      *ABS*:0000000000000001 __zero_reg__
     /tmp/ccwBO9ZC.s:13     .text.action_get_macro:0000000000000000 action_get_macro
     /tmp/ccwBO9ZC.s:102    .progmem.data.__m.2335:0000000000000000 __m.2335
     /tmp/ccwBO9ZC.s:93     .progmem.data.__m.2338:0000000000000000 __m.2338
     /tmp/ccwBO9ZC.s:77     .progmem.data.__m.2343:0000000000000000 __m.2343
     /tmp/ccwBO9ZC.s:84     .progmem.data.__m.2341:0000000000000000 __m.2341
     /tmp/ccwBO9ZC.s:128    .progmem.data.fn_actions:0000000000000000 fn_actions
     /tmp/ccwBO9ZC.s:138    .progmem.data.keymaps:0000000000000000 keymaps
                            *COM*:0000000000000001 keymap_config

UNDEFINED SYMBOLS
__do_clear_bss
