Archive member included because of file (symbol)

/usr/lib/gcc/avr/4.8.1/../../../avr/lib/avr5/libm.a(fixsfsi.o)
                              obj_hhkb_lufa/common/mousekey.o (__fixsfsi)
/usr/lib/gcc/avr/4.8.1/../../../avr/lib/avr5/libm.a(fixunssfsi.o)
                              /usr/lib/gcc/avr/4.8.1/../../../avr/lib/avr5/libm.a(fixsfsi.o) (__fixunssfsi)
/usr/lib/gcc/avr/4.8.1/../../../avr/lib/avr5/libm.a(floatsisf.o)
                              obj_hhkb_lufa/common/mousekey.o (__floatsisf)
/usr/lib/gcc/avr/4.8.1/../../../avr/lib/avr5/libm.a(fp_split3.o)
                              /usr/lib/gcc/avr/4.8.1/../../../avr/lib/avr5/libm.a(fixunssfsi.o) (__fp_splitA)
/usr/lib/gcc/avr/4.8.1/../../../avr/lib/avr5/libm.a(fp_zero.o)
                              /usr/lib/gcc/avr/4.8.1/../../../avr/lib/avr5/libm.a(fixunssfsi.o) (__fp_zero)
/usr/lib/gcc/avr/4.8.1/../../../avr/lib/avr5/libm.a(mulsf3.o)
                              obj_hhkb_lufa/common/mousekey.o (__mulsf3)
/usr/lib/gcc/avr/4.8.1/../../../avr/lib/avr5/libm.a(mulsf3x.o)
                              /usr/lib/gcc/avr/4.8.1/../../../avr/lib/avr5/libm.a(mulsf3.o) (__mulsf3x)
/usr/lib/gcc/avr/4.8.1/../../../avr/lib/avr5/libm.a(fp_inf.o)
                              /usr/lib/gcc/avr/4.8.1/../../../avr/lib/avr5/libm.a(mulsf3x.o) (__fp_inf)
/usr/lib/gcc/avr/4.8.1/../../../avr/lib/avr5/libm.a(fp_nan.o)
                              /usr/lib/gcc/avr/4.8.1/../../../avr/lib/avr5/libm.a(mulsf3x.o) (__fp_nan)
/usr/lib/gcc/avr/4.8.1/../../../avr/lib/avr5/libm.a(fp_pscA.o)
                              /usr/lib/gcc/avr/4.8.1/../../../avr/lib/avr5/libm.a(mulsf3x.o) (__fp_pscA)
/usr/lib/gcc/avr/4.8.1/../../../avr/lib/avr5/libm.a(fp_pscB.o)
                              /usr/lib/gcc/avr/4.8.1/../../../avr/lib/avr5/libm.a(mulsf3x.o) (__fp_pscB)
/usr/lib/gcc/avr/4.8.1/../../../avr/lib/avr5/libm.a(fp_round.o)
                              /usr/lib/gcc/avr/4.8.1/../../../avr/lib/avr5/libm.a(mulsf3.o) (__fp_round)
/usr/lib/gcc/avr/4.8.1/avr5/libgcc.a(_udivmodqi4.o)
                              obj_hhkb_lufa/protocol/lufa/lufa.o (__udivmodqi4)
/usr/lib/gcc/avr/4.8.1/avr5/libgcc.a(_divmodhi4.o)
                              obj_hhkb_lufa/common/mousekey.o (__divmodhi4)
/usr/lib/gcc/avr/4.8.1/avr5/libgcc.a(_exit.o)
                              /usr/lib/gcc/avr/4.8.1/../../../avr/lib/avr5/crtm32u4.o (exit)
/usr/lib/gcc/avr/4.8.1/avr5/libgcc.a(_tablejump.o)
                              obj_hhkb_lufa/protocol/lufa/LUFA-git/LUFA/Drivers/USB/Core/DeviceStandardReq.o (__tablejump2__)
/usr/lib/gcc/avr/4.8.1/avr5/libgcc.a(_copy_data.o)
                              obj_hhkb_lufa/protocol/lufa/lufa.o (__do_copy_data)
/usr/lib/gcc/avr/4.8.1/avr5/libgcc.a(_clear_bss.o)
                              obj_hhkb_lufa/keymap_hhkb.o (__do_clear_bss)
/usr/lib/gcc/avr/4.8.1/avr5/libgcc.a(_udivmodhi4.o)
                              /usr/lib/gcc/avr/4.8.1/avr5/libgcc.a(_divmodhi4.o) (__udivmodhi4)
/usr/lib/gcc/avr/4.8.1/../../../avr/lib/avr5/libc.a(eerd_byte_atmega32u4.o)
                              obj_hhkb_lufa/protocol/lufa/LUFA-git/LUFA/Drivers/USB/Core/AVR8/EndpointStream_AVR8.o (__eerd_byte_m32u4)
/usr/lib/gcc/avr/4.8.1/../../../avr/lib/avr5/libc.a(eerd_word_atmega32u4.o)
                              obj_hhkb_lufa/common/avr/eeconfig.o (__eerd_word_m32u4)
/usr/lib/gcc/avr/4.8.1/../../../avr/lib/avr5/libc.a(eeupd_byte_atmega32u4.o)
                              obj_hhkb_lufa/protocol/lufa/LUFA-git/LUFA/Drivers/USB/Core/AVR8/EndpointStream_AVR8.o (__eeupd_byte_m32u4)
/usr/lib/gcc/avr/4.8.1/../../../avr/lib/avr5/libc.a(eewr_byte_atmega32u4.o)
                              obj_hhkb_lufa/common/avr/eeconfig.o (__eewr_byte_m32u4)
/usr/lib/gcc/avr/4.8.1/../../../avr/lib/avr5/libc.a(eewr_word_atmega32u4.o)
                              obj_hhkb_lufa/common/avr/eeconfig.o (__eewr_word_m32u4)
/usr/lib/gcc/avr/4.8.1/../../../avr/lib/avr5/libc.a(eerd_block_atmega32u4.o)
                              /usr/lib/gcc/avr/4.8.1/../../../avr/lib/avr5/libc.a(eerd_word_atmega32u4.o) (__eerd_blraw_m32u4)

分配公共符号
公共符号            大小              文件

USB_IsInitialized   0x1               obj_hhkb_lufa/protocol/lufa/LUFA-git/LUFA/Drivers/USB/Core/USBTask.o
keymap_config       0x1               obj_hhkb_lufa/keymap_hhkb.o
USB_DeviceState     0x1               obj_hhkb_lufa/protocol/lufa/LUFA-git/LUFA/Drivers/USB/Core/USBTask.o
USB_Device_ConfigurationNumber
                    0x1               obj_hhkb_lufa/protocol/lufa/LUFA-git/LUFA/Drivers/USB/Core/DeviceStandardReq.o
USB_Device_CurrentlySelfPowered
                    0x1               obj_hhkb_lufa/protocol/lufa/LUFA-git/LUFA/Drivers/USB/Core/DeviceStandardReq.o
USB_ControlRequest  0x8               obj_hhkb_lufa/protocol/lufa/LUFA-git/LUFA/Drivers/USB/Core/USBTask.o
USB_Device_RemoteWakeupEnabled
                    0x1               obj_hhkb_lufa/protocol/lufa/LUFA-git/LUFA/Drivers/USB/Core/DeviceStandardReq.o

Discarded input sections

 .data          0x0000000000000000        0x0 /usr/lib/gcc/avr/4.8.1/../../../avr/lib/avr5/crtm32u4.o
 .bss           0x0000000000000000        0x0 /usr/lib/gcc/avr/4.8.1/../../../avr/lib/avr5/crtm32u4.o
 .text          0x0000000000000000        0x0 obj_hhkb_lufa/keymap_hhkb.o
 .data          0x0000000000000000        0x0 obj_hhkb_lufa/keymap_hhkb.o
 .bss           0x0000000000000000        0x0 obj_hhkb_lufa/keymap_hhkb.o
 .text          0x0000000000000000        0x0 obj_hhkb_lufa/keymap_common.o
 .data          0x0000000000000000        0x0 obj_hhkb_lufa/keymap_common.o
 .bss           0x0000000000000000        0x0 obj_hhkb_lufa/keymap_common.o
 .text          0x0000000000000000        0x0 obj_hhkb_lufa/matrix.o
 .data          0x0000000000000000        0x0 obj_hhkb_lufa/matrix.o
 .bss           0x0000000000000000        0x0 obj_hhkb_lufa/matrix.o
 .text.matrix_rows
                0x0000000000000000        0x4 obj_hhkb_lufa/matrix.o
 .text.matrix_cols
                0x0000000000000000        0x4 obj_hhkb_lufa/matrix.o
 .text.matrix_is_modified
                0x0000000000000000       0x28 obj_hhkb_lufa/matrix.o
 .text.matrix_is_on
                0x0000000000000000       0x2c obj_hhkb_lufa/matrix.o
 .text          0x0000000000000000        0x0 obj_hhkb_lufa/led.o
 .data          0x0000000000000000        0x0 obj_hhkb_lufa/led.o
 .bss           0x0000000000000000        0x0 obj_hhkb_lufa/led.o
 .text          0x0000000000000000        0x0 obj_hhkb_lufa/protocol/lufa/lufa.o
 .data          0x0000000000000000        0x0 obj_hhkb_lufa/protocol/lufa/lufa.o
 .bss           0x0000000000000000        0x0 obj_hhkb_lufa/protocol/lufa/lufa.o
 .text          0x0000000000000000        0x0 obj_hhkb_lufa/protocol/lufa/descriptor.o
 .data          0x0000000000000000        0x0 obj_hhkb_lufa/protocol/lufa/descriptor.o
 .bss           0x0000000000000000        0x0 obj_hhkb_lufa/protocol/lufa/descriptor.o
 .text          0x0000000000000000        0x0 obj_hhkb_lufa/protocol/lufa/LUFA-git/LUFA/Drivers/USB/Class/Common/HIDParser.o
 .data          0x0000000000000000        0x0 obj_hhkb_lufa/protocol/lufa/LUFA-git/LUFA/Drivers/USB/Class/Common/HIDParser.o
 .bss           0x0000000000000000        0x0 obj_hhkb_lufa/protocol/lufa/LUFA-git/LUFA/Drivers/USB/Class/Common/HIDParser.o
 .text.USB_ProcessHIDReport
                0x0000000000000000      0x704 obj_hhkb_lufa/protocol/lufa/LUFA-git/LUFA/Drivers/USB/Class/Common/HIDParser.o
 .text.USB_GetHIDReportItemInfo
                0x0000000000000000       0xbc obj_hhkb_lufa/protocol/lufa/LUFA-git/LUFA/Drivers/USB/Class/Common/HIDParser.o
 .text.USB_SetHIDReportItemInfo
                0x0000000000000000       0xec obj_hhkb_lufa/protocol/lufa/LUFA-git/LUFA/Drivers/USB/Class/Common/HIDParser.o
 .text.USB_GetHIDReportSize
                0x0000000000000000       0x60 obj_hhkb_lufa/protocol/lufa/LUFA-git/LUFA/Drivers/USB/Class/Common/HIDParser.o
 .debug_info    0x0000000000000000      0x73e obj_hhkb_lufa/protocol/lufa/LUFA-git/LUFA/Drivers/USB/Class/Common/HIDParser.o
 .debug_abbrev  0x0000000000000000      0x21e obj_hhkb_lufa/protocol/lufa/LUFA-git/LUFA/Drivers/USB/Class/Common/HIDParser.o
 .debug_loc     0x0000000000000000      0xab2 obj_hhkb_lufa/protocol/lufa/LUFA-git/LUFA/Drivers/USB/Class/Common/HIDParser.o
 .debug_aranges
                0x0000000000000000       0x38 obj_hhkb_lufa/protocol/lufa/LUFA-git/LUFA/Drivers/USB/Class/Common/HIDParser.o
 .debug_ranges  0x0000000000000000       0xd0 obj_hhkb_lufa/protocol/lufa/LUFA-git/LUFA/Drivers/USB/Class/Common/HIDParser.o
 .debug_line    0x0000000000000000      0x243 obj_hhkb_lufa/protocol/lufa/LUFA-git/LUFA/Drivers/USB/Class/Common/HIDParser.o
 .debug_str     0x0000000000000000      0x6d0 obj_hhkb_lufa/protocol/lufa/LUFA-git/LUFA/Drivers/USB/Class/Common/HIDParser.o
 .comment       0x0000000000000000       0x12 obj_hhkb_lufa/protocol/lufa/LUFA-git/LUFA/Drivers/USB/Class/Common/HIDParser.o
 .debug_frame   0x0000000000000000      0x134 obj_hhkb_lufa/protocol/lufa/LUFA-git/LUFA/Drivers/USB/Class/Common/HIDParser.o
 .text          0x0000000000000000        0x0 obj_hhkb_lufa/protocol/lufa/LUFA-git/LUFA/Drivers/USB/Core/AVR8/Device_AVR8.o
 .data          0x0000000000000000        0x0 obj_hhkb_lufa/protocol/lufa/LUFA-git/LUFA/Drivers/USB/Core/AVR8/Device_AVR8.o
 .bss           0x0000000000000000        0x0 obj_hhkb_lufa/protocol/lufa/LUFA-git/LUFA/Drivers/USB/Core/AVR8/Device_AVR8.o
 .text          0x0000000000000000        0x0 obj_hhkb_lufa/protocol/lufa/LUFA-git/LUFA/Drivers/USB/Core/AVR8/EndpointStream_AVR8.o
 .data          0x0000000000000000        0x0 obj_hhkb_lufa/protocol/lufa/LUFA-git/LUFA/Drivers/USB/Core/AVR8/EndpointStream_AVR8.o
 .bss           0x0000000000000000        0x0 obj_hhkb_lufa/protocol/lufa/LUFA-git/LUFA/Drivers/USB/Core/AVR8/EndpointStream_AVR8.o
 .text.Endpoint_Discard_Stream
                0x0000000000000000       0x7e obj_hhkb_lufa/protocol/lufa/LUFA-git/LUFA/Drivers/USB/Core/AVR8/EndpointStream_AVR8.o
 .text.Endpoint_Null_Stream
                0x0000000000000000       0x7e obj_hhkb_lufa/protocol/lufa/LUFA-git/LUFA/Drivers/USB/Core/AVR8/EndpointStream_AVR8.o
 .text.Endpoint_Write_Stream_BE
                0x0000000000000000       0xa4 obj_hhkb_lufa/protocol/lufa/LUFA-git/LUFA/Drivers/USB/Core/AVR8/EndpointStream_AVR8.o
 .text.Endpoint_Read_Stream_LE
                0x0000000000000000       0x96 obj_hhkb_lufa/protocol/lufa/LUFA-git/LUFA/Drivers/USB/Core/AVR8/EndpointStream_AVR8.o
 .text.Endpoint_Read_Stream_BE
                0x0000000000000000       0xa4 obj_hhkb_lufa/protocol/lufa/LUFA-git/LUFA/Drivers/USB/Core/AVR8/EndpointStream_AVR8.o
 .text.Endpoint_Write_PStream_LE
                0x0000000000000000       0x9a obj_hhkb_lufa/protocol/lufa/LUFA-git/LUFA/Drivers/USB/Core/AVR8/EndpointStream_AVR8.o
 .text.Endpoint_Write_PStream_BE
                0x0000000000000000       0xa6 obj_hhkb_lufa/protocol/lufa/LUFA-git/LUFA/Drivers/USB/Core/AVR8/EndpointStream_AVR8.o
 .text.Endpoint_Write_EStream_LE
                0x0000000000000000       0x9c obj_hhkb_lufa/protocol/lufa/LUFA-git/LUFA/Drivers/USB/Core/AVR8/EndpointStream_AVR8.o
 .text.Endpoint_Write_EStream_BE
                0x0000000000000000       0xa8 obj_hhkb_lufa/protocol/lufa/LUFA-git/LUFA/Drivers/USB/Core/AVR8/EndpointStream_AVR8.o
 .text.Endpoint_Read_EStream_LE
                0x0000000000000000       0xa0 obj_hhkb_lufa/protocol/lufa/LUFA-git/LUFA/Drivers/USB/Core/AVR8/EndpointStream_AVR8.o
 .text.Endpoint_Read_EStream_BE
                0x0000000000000000       0xa8 obj_hhkb_lufa/protocol/lufa/LUFA-git/LUFA/Drivers/USB/Core/AVR8/EndpointStream_AVR8.o
 .text.Endpoint_Write_Control_Stream_BE
                0x0000000000000000       0xce obj_hhkb_lufa/protocol/lufa/LUFA-git/LUFA/Drivers/USB/Core/AVR8/EndpointStream_AVR8.o
 .text.Endpoint_Read_Control_Stream_LE
                0x0000000000000000       0x80 obj_hhkb_lufa/protocol/lufa/LUFA-git/LUFA/Drivers/USB/Core/AVR8/EndpointStream_AVR8.o
 .text.Endpoint_Read_Control_Stream_BE
                0x0000000000000000       0x84 obj_hhkb_lufa/protocol/lufa/LUFA-git/LUFA/Drivers/USB/Core/AVR8/EndpointStream_AVR8.o
 .text.Endpoint_Write_Control_PStream_BE
                0x0000000000000000       0xce obj_hhkb_lufa/protocol/lufa/LUFA-git/LUFA/Drivers/USB/Core/AVR8/EndpointStream_AVR8.o
 .text.Endpoint_Write_Control_EStream_LE
                0x0000000000000000       0xee obj_hhkb_lufa/protocol/lufa/LUFA-git/LUFA/Drivers/USB/Core/AVR8/EndpointStream_AVR8.o
 .text.Endpoint_Write_Control_EStream_BE
                0x0000000000000000       0xf8 obj_hhkb_lufa/protocol/lufa/LUFA-git/LUFA/Drivers/USB/Core/AVR8/EndpointStream_AVR8.o
 .text.Endpoint_Read_Control_EStream_LE
                0x0000000000000000       0x98 obj_hhkb_lufa/protocol/lufa/LUFA-git/LUFA/Drivers/USB/Core/AVR8/EndpointStream_AVR8.o
 .text.Endpoint_Read_Control_EStream_BE
                0x0000000000000000       0x96 obj_hhkb_lufa/protocol/lufa/LUFA-git/LUFA/Drivers/USB/Core/AVR8/EndpointStream_AVR8.o
 .text          0x0000000000000000        0x0 obj_hhkb_lufa/protocol/lufa/LUFA-git/LUFA/Drivers/USB/Core/AVR8/Endpoint_AVR8.o
 .data          0x0000000000000000        0x0 obj_hhkb_lufa/protocol/lufa/LUFA-git/LUFA/Drivers/USB/Core/AVR8/Endpoint_AVR8.o
 .bss           0x0000000000000000        0x0 obj_hhkb_lufa/protocol/lufa/LUFA-git/LUFA/Drivers/USB/Core/AVR8/Endpoint_AVR8.o
 .text.Endpoint_ConfigureEndpointTable
                0x0000000000000000       0x7c obj_hhkb_lufa/protocol/lufa/LUFA-git/LUFA/Drivers/USB/Core/AVR8/Endpoint_AVR8.o
 .text.Endpoint_ClearEndpoints
                0x0000000000000000       0x28 obj_hhkb_lufa/protocol/lufa/LUFA-git/LUFA/Drivers/USB/Core/AVR8/Endpoint_AVR8.o
 .text          0x0000000000000000        0x0 obj_hhkb_lufa/protocol/lufa/LUFA-git/LUFA/Drivers/USB/Core/AVR8/Host_AVR8.o
 .data          0x0000000000000000        0x0 obj_hhkb_lufa/protocol/lufa/LUFA-git/LUFA/Drivers/USB/Core/AVR8/Host_AVR8.o
 .bss           0x0000000000000000        0x0 obj_hhkb_lufa/protocol/lufa/LUFA-git/LUFA/Drivers/USB/Core/AVR8/Host_AVR8.o
 .debug_info    0x0000000000000000       0x56 obj_hhkb_lufa/protocol/lufa/LUFA-git/LUFA/Drivers/USB/Core/AVR8/Host_AVR8.o
 .debug_abbrev  0x0000000000000000       0x26 obj_hhkb_lufa/protocol/lufa/LUFA-git/LUFA/Drivers/USB/Core/AVR8/Host_AVR8.o
 .debug_aranges
                0x0000000000000000       0x18 obj_hhkb_lufa/protocol/lufa/LUFA-git/LUFA/Drivers/USB/Core/AVR8/Host_AVR8.o
 .debug_line    0x0000000000000000       0x1a obj_hhkb_lufa/protocol/lufa/LUFA-git/LUFA/Drivers/USB/Core/AVR8/Host_AVR8.o
 .debug_str     0x0000000000000000      0x1ab obj_hhkb_lufa/protocol/lufa/LUFA-git/LUFA/Drivers/USB/Core/AVR8/Host_AVR8.o
 .comment       0x0000000000000000       0x12 obj_hhkb_lufa/protocol/lufa/LUFA-git/LUFA/Drivers/USB/Core/AVR8/Host_AVR8.o
 .text          0x0000000000000000        0x0 obj_hhkb_lufa/protocol/lufa/LUFA-git/LUFA/Drivers/USB/Core/AVR8/PipeStream_AVR8.o
 .data          0x0000000000000000        0x0 obj_hhkb_lufa/protocol/lufa/LUFA-git/LUFA/Drivers/USB/Core/AVR8/PipeStream_AVR8.o
 .bss           0x0000000000000000        0x0 obj_hhkb_lufa/protocol/lufa/LUFA-git/LUFA/Drivers/USB/Core/AVR8/PipeStream_AVR8.o
 .debug_info    0x0000000000000000       0x56 obj_hhkb_lufa/protocol/lufa/LUFA-git/LUFA/Drivers/USB/Core/AVR8/PipeStream_AVR8.o
 .debug_abbrev  0x0000000000000000       0x26 obj_hhkb_lufa/protocol/lufa/LUFA-git/LUFA/Drivers/USB/Core/AVR8/PipeStream_AVR8.o
 .debug_aranges
                0x0000000000000000       0x18 obj_hhkb_lufa/protocol/lufa/LUFA-git/LUFA/Drivers/USB/Core/AVR8/PipeStream_AVR8.o
 .debug_line    0x0000000000000000       0x1a obj_hhkb_lufa/protocol/lufa/LUFA-git/LUFA/Drivers/USB/Core/AVR8/PipeStream_AVR8.o
 .debug_str     0x0000000000000000      0x1b1 obj_hhkb_lufa/protocol/lufa/LUFA-git/LUFA/Drivers/USB/Core/AVR8/PipeStream_AVR8.o
 .comment       0x0000000000000000       0x12 obj_hhkb_lufa/protocol/lufa/LUFA-git/LUFA/Drivers/USB/Core/AVR8/PipeStream_AVR8.o
 .text          0x0000000000000000        0x0 obj_hhkb_lufa/protocol/lufa/LUFA-git/LUFA/Drivers/USB/Core/AVR8/Pipe_AVR8.o
 .data          0x0000000000000000        0x0 obj_hhkb_lufa/protocol/lufa/LUFA-git/LUFA/Drivers/USB/Core/AVR8/Pipe_AVR8.o
 .bss           0x0000000000000000        0x0 obj_hhkb_lufa/protocol/lufa/LUFA-git/LUFA/Drivers/USB/Core/AVR8/Pipe_AVR8.o
 .debug_info    0x0000000000000000       0x56 obj_hhkb_lufa/protocol/lufa/LUFA-git/LUFA/Drivers/USB/Core/AVR8/Pipe_AVR8.o
 .debug_abbrev  0x0000000000000000       0x26 obj_hhkb_lufa/protocol/lufa/LUFA-git/LUFA/Drivers/USB/Core/AVR8/Pipe_AVR8.o
 .debug_aranges
                0x0000000000000000       0x18 obj_hhkb_lufa/protocol/lufa/LUFA-git/LUFA/Drivers/USB/Core/AVR8/Pipe_AVR8.o
 .debug_line    0x0000000000000000       0x1a obj_hhkb_lufa/protocol/lufa/LUFA-git/LUFA/Drivers/USB/Core/AVR8/Pipe_AVR8.o
 .debug_str     0x0000000000000000      0x1ab obj_hhkb_lufa/protocol/lufa/LUFA-git/LUFA/Drivers/USB/Core/AVR8/Pipe_AVR8.o
 .comment       0x0000000000000000       0x12 obj_hhkb_lufa/protocol/lufa/LUFA-git/LUFA/Drivers/USB/Core/AVR8/Pipe_AVR8.o
 .text          0x0000000000000000        0x0 obj_hhkb_lufa/protocol/lufa/LUFA-git/LUFA/Drivers/USB/Core/AVR8/USBController_AVR8.o
 .data          0x0000000000000000        0x0 obj_hhkb_lufa/protocol/lufa/LUFA-git/LUFA/Drivers/USB/Core/AVR8/USBController_AVR8.o
 .bss           0x0000000000000000        0x0 obj_hhkb_lufa/protocol/lufa/LUFA-git/LUFA/Drivers/USB/Core/AVR8/USBController_AVR8.o
 .text          0x0000000000000000        0x0 obj_hhkb_lufa/protocol/lufa/LUFA-git/LUFA/Drivers/USB/Core/AVR8/USBInterrupt_AVR8.o
 .data          0x0000000000000000        0x0 obj_hhkb_lufa/protocol/lufa/LUFA-git/LUFA/Drivers/USB/Core/AVR8/USBInterrupt_AVR8.o
 .bss           0x0000000000000000        0x0 obj_hhkb_lufa/protocol/lufa/LUFA-git/LUFA/Drivers/USB/Core/AVR8/USBInterrupt_AVR8.o
 .text          0x0000000000000000        0x0 obj_hhkb_lufa/protocol/lufa/LUFA-git/LUFA/Drivers/USB/Core/ConfigDescriptors.o
 .data          0x0000000000000000        0x0 obj_hhkb_lufa/protocol/lufa/LUFA-git/LUFA/Drivers/USB/Core/ConfigDescriptors.o
 .bss           0x0000000000000000        0x0 obj_hhkb_lufa/protocol/lufa/LUFA-git/LUFA/Drivers/USB/Core/ConfigDescriptors.o
 .text.USB_GetNextDescriptor
                0x0000000000000000       0x38 obj_hhkb_lufa/protocol/lufa/LUFA-git/LUFA/Drivers/USB/Core/ConfigDescriptors.o
 .text.USB_GetNextDescriptorOfType
                0x0000000000000000       0x48 obj_hhkb_lufa/protocol/lufa/LUFA-git/LUFA/Drivers/USB/Core/ConfigDescriptors.o
 .text.USB_GetNextDescriptorOfTypeBefore
                0x0000000000000000       0x58 obj_hhkb_lufa/protocol/lufa/LUFA-git/LUFA/Drivers/USB/Core/ConfigDescriptors.o
 .text.USB_GetNextDescriptorOfTypeAfter
                0x0000000000000000       0x3e obj_hhkb_lufa/protocol/lufa/LUFA-git/LUFA/Drivers/USB/Core/ConfigDescriptors.o
 .text.USB_GetNextDescriptorComp
                0x0000000000000000       0x66 obj_hhkb_lufa/protocol/lufa/LUFA-git/LUFA/Drivers/USB/Core/ConfigDescriptors.o
 .debug_info    0x0000000000000000      0x3cd obj_hhkb_lufa/protocol/lufa/LUFA-git/LUFA/Drivers/USB/Core/ConfigDescriptors.o
 .debug_abbrev  0x0000000000000000      0x183 obj_hhkb_lufa/protocol/lufa/LUFA-git/LUFA/Drivers/USB/Core/ConfigDescriptors.o
 .debug_loc     0x0000000000000000      0x5bd obj_hhkb_lufa/protocol/lufa/LUFA-git/LUFA/Drivers/USB/Core/ConfigDescriptors.o
 .debug_aranges
                0x0000000000000000       0x40 obj_hhkb_lufa/protocol/lufa/LUFA-git/LUFA/Drivers/USB/Core/ConfigDescriptors.o
 .debug_ranges  0x0000000000000000       0x30 obj_hhkb_lufa/protocol/lufa/LUFA-git/LUFA/Drivers/USB/Core/ConfigDescriptors.o
 .debug_line    0x0000000000000000      0x17f obj_hhkb_lufa/protocol/lufa/LUFA-git/LUFA/Drivers/USB/Core/ConfigDescriptors.o
 .debug_str     0x0000000000000000      0x3f4 obj_hhkb_lufa/protocol/lufa/LUFA-git/LUFA/Drivers/USB/Core/ConfigDescriptors.o
 .comment       0x0000000000000000       0x12 obj_hhkb_lufa/protocol/lufa/LUFA-git/LUFA/Drivers/USB/Core/ConfigDescriptors.o
 .debug_frame   0x0000000000000000      0x124 obj_hhkb_lufa/protocol/lufa/LUFA-git/LUFA/Drivers/USB/Core/ConfigDescriptors.o
 .text          0x0000000000000000        0x0 obj_hhkb_lufa/protocol/lufa/LUFA-git/LUFA/Drivers/USB/Core/DeviceStandardReq.o
 .data          0x0000000000000000        0x0 obj_hhkb_lufa/protocol/lufa/LUFA-git/LUFA/Drivers/USB/Core/DeviceStandardReq.o
 .bss           0x0000000000000000        0x0 obj_hhkb_lufa/protocol/lufa/LUFA-git/LUFA/Drivers/USB/Core/DeviceStandardReq.o
 .text          0x0000000000000000        0x0 obj_hhkb_lufa/protocol/lufa/LUFA-git/LUFA/Drivers/USB/Core/Events.o
 .data          0x0000000000000000        0x0 obj_hhkb_lufa/protocol/lufa/LUFA-git/LUFA/Drivers/USB/Core/Events.o
 .bss           0x0000000000000000        0x0 obj_hhkb_lufa/protocol/lufa/LUFA-git/LUFA/Drivers/USB/Core/Events.o
 .text.USB_Event_Stub
                0x0000000000000000        0x2 obj_hhkb_lufa/protocol/lufa/LUFA-git/LUFA/Drivers/USB/Core/Events.o
 .debug_info    0x0000000000000000       0x78 obj_hhkb_lufa/protocol/lufa/LUFA-git/LUFA/Drivers/USB/Core/Events.o
 .debug_abbrev  0x0000000000000000       0x44 obj_hhkb_lufa/protocol/lufa/LUFA-git/LUFA/Drivers/USB/Core/Events.o
 .debug_aranges
                0x0000000000000000       0x20 obj_hhkb_lufa/protocol/lufa/LUFA-git/LUFA/Drivers/USB/Core/Events.o
 .debug_ranges  0x0000000000000000       0x10 obj_hhkb_lufa/protocol/lufa/LUFA-git/LUFA/Drivers/USB/Core/Events.o
 .debug_line    0x0000000000000000       0x71 obj_hhkb_lufa/protocol/lufa/LUFA-git/LUFA/Drivers/USB/Core/Events.o
 .debug_str     0x0000000000000000      0x1b2 obj_hhkb_lufa/protocol/lufa/LUFA-git/LUFA/Drivers/USB/Core/Events.o
 .comment       0x0000000000000000       0x12 obj_hhkb_lufa/protocol/lufa/LUFA-git/LUFA/Drivers/USB/Core/Events.o
 .debug_frame   0x0000000000000000       0x24 obj_hhkb_lufa/protocol/lufa/LUFA-git/LUFA/Drivers/USB/Core/Events.o
 .text          0x0000000000000000        0x0 obj_hhkb_lufa/protocol/lufa/LUFA-git/LUFA/Drivers/USB/Core/HostStandardReq.o
 .data          0x0000000000000000        0x0 obj_hhkb_lufa/protocol/lufa/LUFA-git/LUFA/Drivers/USB/Core/HostStandardReq.o
 .bss           0x0000000000000000        0x0 obj_hhkb_lufa/protocol/lufa/LUFA-git/LUFA/Drivers/USB/Core/HostStandardReq.o
 .debug_info    0x0000000000000000       0x56 obj_hhkb_lufa/protocol/lufa/LUFA-git/LUFA/Drivers/USB/Core/HostStandardReq.o
 .debug_abbrev  0x0000000000000000       0x26 obj_hhkb_lufa/protocol/lufa/LUFA-git/LUFA/Drivers/USB/Core/HostStandardReq.o
 .debug_aranges
                0x0000000000000000       0x18 obj_hhkb_lufa/protocol/lufa/LUFA-git/LUFA/Drivers/USB/Core/HostStandardReq.o
 .debug_line    0x0000000000000000       0x1a obj_hhkb_lufa/protocol/lufa/LUFA-git/LUFA/Drivers/USB/Core/HostStandardReq.o
 .debug_str     0x0000000000000000      0x1ac obj_hhkb_lufa/protocol/lufa/LUFA-git/LUFA/Drivers/USB/Core/HostStandardReq.o
 .comment       0x0000000000000000       0x12 obj_hhkb_lufa/protocol/lufa/LUFA-git/LUFA/Drivers/USB/Core/HostStandardReq.o
 .text          0x0000000000000000        0x0 obj_hhkb_lufa/protocol/lufa/LUFA-git/LUFA/Drivers/USB/Core/USBTask.o
 .data          0x0000000000000000        0x0 obj_hhkb_lufa/protocol/lufa/LUFA-git/LUFA/Drivers/USB/Core/USBTask.o
 .bss           0x0000000000000000        0x0 obj_hhkb_lufa/protocol/lufa/LUFA-git/LUFA/Drivers/USB/Core/USBTask.o
 .text          0x0000000000000000        0x0 obj_hhkb_lufa/common/host.o
 .data          0x0000000000000000        0x0 obj_hhkb_lufa/common/host.o
 .bss           0x0000000000000000        0x0 obj_hhkb_lufa/common/host.o
 .text.host_get_driver
                0x0000000000000000        0xa obj_hhkb_lufa/common/host.o
 .text.host_last_sysytem_report
                0x0000000000000000        0xa obj_hhkb_lufa/common/host.o
 .text.host_last_consumer_report
                0x0000000000000000        0xa obj_hhkb_lufa/common/host.o
 .text          0x0000000000000000        0x0 obj_hhkb_lufa/common/keyboard.o
 .data          0x0000000000000000        0x0 obj_hhkb_lufa/common/keyboard.o
 .bss           0x0000000000000000        0x0 obj_hhkb_lufa/common/keyboard.o
 .text          0x0000000000000000        0x0 obj_hhkb_lufa/common/action.o
 .data          0x0000000000000000        0x0 obj_hhkb_lufa/common/action.o
 .bss           0x0000000000000000        0x0 obj_hhkb_lufa/common/action.o
 .text.debug_action
                0x0000000000000000        0x2 obj_hhkb_lufa/common/action.o
 .text          0x0000000000000000        0x0 obj_hhkb_lufa/common/action_tapping.o
 .data          0x0000000000000000        0x0 obj_hhkb_lufa/common/action_tapping.o
 .bss           0x0000000000000000        0x0 obj_hhkb_lufa/common/action_tapping.o
 .text          0x0000000000000000        0x0 obj_hhkb_lufa/common/action_macro.o
 .data          0x0000000000000000        0x0 obj_hhkb_lufa/common/action_macro.o
 .bss           0x0000000000000000        0x0 obj_hhkb_lufa/common/action_macro.o
 .text          0x0000000000000000        0x0 obj_hhkb_lufa/common/action_layer.o
 .data          0x0000000000000000        0x0 obj_hhkb_lufa/common/action_layer.o
 .bss           0x0000000000000000        0x0 obj_hhkb_lufa/common/action_layer.o
 .text          0x0000000000000000        0x0 obj_hhkb_lufa/common/action_util.o
 .data          0x0000000000000000        0x0 obj_hhkb_lufa/common/action_util.o
 .bss           0x0000000000000000        0x0 obj_hhkb_lufa/common/action_util.o
 .text.get_mods
                0x0000000000000000        0x6 obj_hhkb_lufa/common/action_util.o
 .text.set_mods
                0x0000000000000000        0x6 obj_hhkb_lufa/common/action_util.o
 .text.get_weak_mods
                0x0000000000000000        0x6 obj_hhkb_lufa/common/action_util.o
 .text.set_weak_mods
                0x0000000000000000        0x6 obj_hhkb_lufa/common/action_util.o
 .text.has_anymod
                0x0000000000000000        0x8 obj_hhkb_lufa/common/action_util.o
 .text.get_first_key
                0x0000000000000000       0x5e obj_hhkb_lufa/common/action_util.o
 .text          0x0000000000000000        0x0 obj_hhkb_lufa/common/keymap.o
 .data          0x0000000000000000        0x0 obj_hhkb_lufa/common/keymap.o
 .bss           0x0000000000000000        0x0 obj_hhkb_lufa/common/keymap.o
 .text.action_get_macro
                0x0000000000000000        0x6 obj_hhkb_lufa/common/keymap.o
 .text          0x0000000000000000        0x0 obj_hhkb_lufa/common/print.o
 .data          0x0000000000000000        0x0 obj_hhkb_lufa/common/print.o
 .bss           0x0000000000000000        0x0 obj_hhkb_lufa/common/print.o
 .text          0x0000000000000000        0x0 obj_hhkb_lufa/common/debug.o
 .data          0x0000000000000000        0x0 obj_hhkb_lufa/common/debug.o
 .bss           0x0000000000000000        0x0 obj_hhkb_lufa/common/debug.o
 .text          0x0000000000000000        0x0 obj_hhkb_lufa/common/util.o
 .data          0x0000000000000000        0x0 obj_hhkb_lufa/common/util.o
 .bss           0x0000000000000000        0x0 obj_hhkb_lufa/common/util.o
 .text.bitpop   0x0000000000000000       0x14 obj_hhkb_lufa/common/util.o
 .text.bitpop16
                0x0000000000000000       0x18 obj_hhkb_lufa/common/util.o
 .text.bitpop32
                0x0000000000000000       0x30 obj_hhkb_lufa/common/util.o
 .text.biton    0x0000000000000000       0x24 obj_hhkb_lufa/common/util.o
 .text.biton16  0x0000000000000000       0x48 obj_hhkb_lufa/common/util.o
 .text.biton32  0x0000000000000000       0xa6 obj_hhkb_lufa/common/util.o
 .text.bitrev16
                0x0000000000000000       0x34 obj_hhkb_lufa/common/util.o
 .text.bitrev32
                0x0000000000000000       0x44 obj_hhkb_lufa/common/util.o
 .text          0x0000000000000000        0x0 obj_hhkb_lufa/common/avr/suspend.o
 .data          0x0000000000000000        0x0 obj_hhkb_lufa/common/avr/suspend.o
 .bss           0x0000000000000000        0x0 obj_hhkb_lufa/common/avr/suspend.o
 .text.suspend_idle
                0x0000000000000000       0x1a obj_hhkb_lufa/common/avr/suspend.o
 .text.matrix_power_up
                0x0000000000000000        0x2 obj_hhkb_lufa/common/avr/suspend.o
 .text.matrix_power_down
                0x0000000000000000        0x2 obj_hhkb_lufa/common/avr/suspend.o
 .data          0x0000000000000000        0x0 obj_hhkb_lufa/common/avr/xprintf.o
 .text          0x0000000000000000        0x0 obj_hhkb_lufa/common/avr/timer.o
 .data          0x0000000000000000        0x0 obj_hhkb_lufa/common/avr/timer.o
 .bss           0x0000000000000000        0x0 obj_hhkb_lufa/common/avr/timer.o
 .text.timer_clear
                0x0000000000000000       0x18 obj_hhkb_lufa/common/avr/timer.o
 .text          0x0000000000000000        0x0 obj_hhkb_lufa/common/avr/bootloader.o
 .data          0x0000000000000000        0x0 obj_hhkb_lufa/common/avr/bootloader.o
 .bss           0x0000000000000000        0x0 obj_hhkb_lufa/common/avr/bootloader.o
 .text          0x0000000000000000        0x0 obj_hhkb_lufa/common/bootmagic.o
 .data          0x0000000000000000        0x0 obj_hhkb_lufa/common/bootmagic.o
 .bss           0x0000000000000000        0x0 obj_hhkb_lufa/common/bootmagic.o
 .text          0x0000000000000000        0x0 obj_hhkb_lufa/common/avr/eeconfig.o
 .data          0x0000000000000000        0x0 obj_hhkb_lufa/common/avr/eeconfig.o
 .bss           0x0000000000000000        0x0 obj_hhkb_lufa/common/avr/eeconfig.o
 .text.eeconfig_enable
                0x0000000000000000        0xc obj_hhkb_lufa/common/avr/eeconfig.o
 .text.eeconfig_disable
                0x0000000000000000        0xc obj_hhkb_lufa/common/avr/eeconfig.o
 .text          0x0000000000000000        0x0 obj_hhkb_lufa/common/mousekey.o
 .data          0x0000000000000000        0x0 obj_hhkb_lufa/common/mousekey.o
 .bss           0x0000000000000000        0x0 obj_hhkb_lufa/common/mousekey.o
 .text          0x0000000000000000        0x0 obj_hhkb_lufa/common/command.o
 .data          0x0000000000000000        0x0 obj_hhkb_lufa/common/command.o
 .bss           0x0000000000000000        0x0 obj_hhkb_lufa/common/command.o
 .text          0x0000000000000000        0x0 /usr/lib/gcc/avr/4.8.1/../../../avr/lib/avr5/libm.a(fixsfsi.o)
 .data          0x0000000000000000        0x0 /usr/lib/gcc/avr/4.8.1/../../../avr/lib/avr5/libm.a(fixsfsi.o)
 .bss           0x0000000000000000        0x0 /usr/lib/gcc/avr/4.8.1/../../../avr/lib/avr5/libm.a(fixsfsi.o)
 .text          0x0000000000000000        0x0 /usr/lib/gcc/avr/4.8.1/../../../avr/lib/avr5/libm.a(fixunssfsi.o)
 .data          0x0000000000000000        0x0 /usr/lib/gcc/avr/4.8.1/../../../avr/lib/avr5/libm.a(fixunssfsi.o)
 .bss           0x0000000000000000        0x0 /usr/lib/gcc/avr/4.8.1/../../../avr/lib/avr5/libm.a(fixunssfsi.o)
 .text          0x0000000000000000        0x0 /usr/lib/gcc/avr/4.8.1/../../../avr/lib/avr5/libm.a(floatsisf.o)
 .data          0x0000000000000000        0x0 /usr/lib/gcc/avr/4.8.1/../../../avr/lib/avr5/libm.a(floatsisf.o)
 .bss           0x0000000000000000        0x0 /usr/lib/gcc/avr/4.8.1/../../../avr/lib/avr5/libm.a(floatsisf.o)
 .text          0x0000000000000000        0x0 /usr/lib/gcc/avr/4.8.1/../../../avr/lib/avr5/libm.a(fp_split3.o)
 .data          0x0000000000000000        0x0 /usr/lib/gcc/avr/4.8.1/../../../avr/lib/avr5/libm.a(fp_split3.o)
 .bss           0x0000000000000000        0x0 /usr/lib/gcc/avr/4.8.1/../../../avr/lib/avr5/libm.a(fp_split3.o)
 .text          0x0000000000000000        0x0 /usr/lib/gcc/avr/4.8.1/../../../avr/lib/avr5/libm.a(fp_zero.o)
 .data          0x0000000000000000        0x0 /usr/lib/gcc/avr/4.8.1/../../../avr/lib/avr5/libm.a(fp_zero.o)
 .bss           0x0000000000000000        0x0 /usr/lib/gcc/avr/4.8.1/../../../avr/lib/avr5/libm.a(fp_zero.o)
 .text          0x0000000000000000        0x0 /usr/lib/gcc/avr/4.8.1/../../../avr/lib/avr5/libm.a(mulsf3.o)
 .data          0x0000000000000000        0x0 /usr/lib/gcc/avr/4.8.1/../../../avr/lib/avr5/libm.a(mulsf3.o)
 .bss           0x0000000000000000        0x0 /usr/lib/gcc/avr/4.8.1/../../../avr/lib/avr5/libm.a(mulsf3.o)
 .text          0x0000000000000000        0x0 /usr/lib/gcc/avr/4.8.1/../../../avr/lib/avr5/libm.a(mulsf3x.o)
 .data          0x0000000000000000        0x0 /usr/lib/gcc/avr/4.8.1/../../../avr/lib/avr5/libm.a(mulsf3x.o)
 .bss           0x0000000000000000        0x0 /usr/lib/gcc/avr/4.8.1/../../../avr/lib/avr5/libm.a(mulsf3x.o)
 .text          0x0000000000000000        0x0 /usr/lib/gcc/avr/4.8.1/../../../avr/lib/avr5/libm.a(fp_inf.o)
 .data          0x0000000000000000        0x0 /usr/lib/gcc/avr/4.8.1/../../../avr/lib/avr5/libm.a(fp_inf.o)
 .bss           0x0000000000000000        0x0 /usr/lib/gcc/avr/4.8.1/../../../avr/lib/avr5/libm.a(fp_inf.o)
 .text          0x0000000000000000        0x0 /usr/lib/gcc/avr/4.8.1/../../../avr/lib/avr5/libm.a(fp_nan.o)
 .data          0x0000000000000000        0x0 /usr/lib/gcc/avr/4.8.1/../../../avr/lib/avr5/libm.a(fp_nan.o)
 .bss           0x0000000000000000        0x0 /usr/lib/gcc/avr/4.8.1/../../../avr/lib/avr5/libm.a(fp_nan.o)
 .text          0x0000000000000000        0x0 /usr/lib/gcc/avr/4.8.1/../../../avr/lib/avr5/libm.a(fp_pscA.o)
 .data          0x0000000000000000        0x0 /usr/lib/gcc/avr/4.8.1/../../../avr/lib/avr5/libm.a(fp_pscA.o)
 .bss           0x0000000000000000        0x0 /usr/lib/gcc/avr/4.8.1/../../../avr/lib/avr5/libm.a(fp_pscA.o)
 .text          0x0000000000000000        0x0 /usr/lib/gcc/avr/4.8.1/../../../avr/lib/avr5/libm.a(fp_pscB.o)
 .data          0x0000000000000000        0x0 /usr/lib/gcc/avr/4.8.1/../../../avr/lib/avr5/libm.a(fp_pscB.o)
 .bss           0x0000000000000000        0x0 /usr/lib/gcc/avr/4.8.1/../../../avr/lib/avr5/libm.a(fp_pscB.o)
 .text          0x0000000000000000        0x0 /usr/lib/gcc/avr/4.8.1/../../../avr/lib/avr5/libm.a(fp_round.o)
 .data          0x0000000000000000        0x0 /usr/lib/gcc/avr/4.8.1/../../../avr/lib/avr5/libm.a(fp_round.o)
 .bss           0x0000000000000000        0x0 /usr/lib/gcc/avr/4.8.1/../../../avr/lib/avr5/libm.a(fp_round.o)
 .text          0x0000000000000000        0x0 /usr/lib/gcc/avr/4.8.1/avr5/libgcc.a(_udivmodqi4.o)
 .data          0x0000000000000000        0x0 /usr/lib/gcc/avr/4.8.1/avr5/libgcc.a(_udivmodqi4.o)
 .bss           0x0000000000000000        0x0 /usr/lib/gcc/avr/4.8.1/avr5/libgcc.a(_udivmodqi4.o)
 .text.libgcc.mul
                0x0000000000000000        0x0 /usr/lib/gcc/avr/4.8.1/avr5/libgcc.a(_udivmodqi4.o)
 .text.libgcc   0x0000000000000000        0x0 /usr/lib/gcc/avr/4.8.1/avr5/libgcc.a(_udivmodqi4.o)
 .text.libgcc.prologue
                0x0000000000000000        0x0 /usr/lib/gcc/avr/4.8.1/avr5/libgcc.a(_udivmodqi4.o)
 .text.libgcc.builtins
                0x0000000000000000        0x0 /usr/lib/gcc/avr/4.8.1/avr5/libgcc.a(_udivmodqi4.o)
 .text.libgcc.fmul
                0x0000000000000000        0x0 /usr/lib/gcc/avr/4.8.1/avr5/libgcc.a(_udivmodqi4.o)
 .text.libgcc.fixed
                0x0000000000000000        0x0 /usr/lib/gcc/avr/4.8.1/avr5/libgcc.a(_udivmodqi4.o)
 .text          0x0000000000000000        0x0 /usr/lib/gcc/avr/4.8.1/avr5/libgcc.a(_divmodhi4.o)
 .data          0x0000000000000000        0x0 /usr/lib/gcc/avr/4.8.1/avr5/libgcc.a(_divmodhi4.o)
 .bss           0x0000000000000000        0x0 /usr/lib/gcc/avr/4.8.1/avr5/libgcc.a(_divmodhi4.o)
 .text.libgcc.mul
                0x0000000000000000        0x0 /usr/lib/gcc/avr/4.8.1/avr5/libgcc.a(_divmodhi4.o)
 .text.libgcc   0x0000000000000000        0x0 /usr/lib/gcc/avr/4.8.1/avr5/libgcc.a(_divmodhi4.o)
 .text.libgcc.prologue
                0x0000000000000000        0x0 /usr/lib/gcc/avr/4.8.1/avr5/libgcc.a(_divmodhi4.o)
 .text.libgcc.builtins
                0x0000000000000000        0x0 /usr/lib/gcc/avr/4.8.1/avr5/libgcc.a(_divmodhi4.o)
 .text.libgcc.fmul
                0x0000000000000000        0x0 /usr/lib/gcc/avr/4.8.1/avr5/libgcc.a(_divmodhi4.o)
 .text.libgcc.fixed
                0x0000000000000000        0x0 /usr/lib/gcc/avr/4.8.1/avr5/libgcc.a(_divmodhi4.o)
 .text          0x0000000000000000        0x0 /usr/lib/gcc/avr/4.8.1/avr5/libgcc.a(_exit.o)
 .data          0x0000000000000000        0x0 /usr/lib/gcc/avr/4.8.1/avr5/libgcc.a(_exit.o)
 .bss           0x0000000000000000        0x0 /usr/lib/gcc/avr/4.8.1/avr5/libgcc.a(_exit.o)
 .text.libgcc.mul
                0x0000000000000000        0x0 /usr/lib/gcc/avr/4.8.1/avr5/libgcc.a(_exit.o)
 .text.libgcc.div
                0x0000000000000000        0x0 /usr/lib/gcc/avr/4.8.1/avr5/libgcc.a(_exit.o)
 .text.libgcc   0x0000000000000000        0x0 /usr/lib/gcc/avr/4.8.1/avr5/libgcc.a(_exit.o)
 .text.libgcc.prologue
                0x0000000000000000        0x0 /usr/lib/gcc/avr/4.8.1/avr5/libgcc.a(_exit.o)
 .text.libgcc.builtins
                0x0000000000000000        0x0 /usr/lib/gcc/avr/4.8.1/avr5/libgcc.a(_exit.o)
 .text.libgcc.fmul
                0x0000000000000000        0x0 /usr/lib/gcc/avr/4.8.1/avr5/libgcc.a(_exit.o)
 .text.libgcc.fixed
                0x0000000000000000        0x0 /usr/lib/gcc/avr/4.8.1/avr5/libgcc.a(_exit.o)
 .text          0x0000000000000000        0x0 /usr/lib/gcc/avr/4.8.1/avr5/libgcc.a(_tablejump.o)
 .data          0x0000000000000000        0x0 /usr/lib/gcc/avr/4.8.1/avr5/libgcc.a(_tablejump.o)
 .bss           0x0000000000000000        0x0 /usr/lib/gcc/avr/4.8.1/avr5/libgcc.a(_tablejump.o)
 .text.libgcc.mul
                0x0000000000000000        0x0 /usr/lib/gcc/avr/4.8.1/avr5/libgcc.a(_tablejump.o)
 .text.libgcc.div
                0x0000000000000000        0x0 /usr/lib/gcc/avr/4.8.1/avr5/libgcc.a(_tablejump.o)
 .text.libgcc.prologue
                0x0000000000000000        0x0 /usr/lib/gcc/avr/4.8.1/avr5/libgcc.a(_tablejump.o)
 .text.libgcc.builtins
                0x0000000000000000        0x0 /usr/lib/gcc/avr/4.8.1/avr5/libgcc.a(_tablejump.o)
 .text.libgcc.fmul
                0x0000000000000000        0x0 /usr/lib/gcc/avr/4.8.1/avr5/libgcc.a(_tablejump.o)
 .text.libgcc.fixed
                0x0000000000000000        0x0 /usr/lib/gcc/avr/4.8.1/avr5/libgcc.a(_tablejump.o)
 .text          0x0000000000000000        0x0 /usr/lib/gcc/avr/4.8.1/avr5/libgcc.a(_copy_data.o)
 .data          0x0000000000000000        0x0 /usr/lib/gcc/avr/4.8.1/avr5/libgcc.a(_copy_data.o)
 .bss           0x0000000000000000        0x0 /usr/lib/gcc/avr/4.8.1/avr5/libgcc.a(_copy_data.o)
 .text.libgcc.mul
                0x0000000000000000        0x0 /usr/lib/gcc/avr/4.8.1/avr5/libgcc.a(_copy_data.o)
 .text.libgcc.div
                0x0000000000000000        0x0 /usr/lib/gcc/avr/4.8.1/avr5/libgcc.a(_copy_data.o)
 .text.libgcc   0x0000000000000000        0x0 /usr/lib/gcc/avr/4.8.1/avr5/libgcc.a(_copy_data.o)
 .text.libgcc.prologue
                0x0000000000000000        0x0 /usr/lib/gcc/avr/4.8.1/avr5/libgcc.a(_copy_data.o)
 .text.libgcc.builtins
                0x0000000000000000        0x0 /usr/lib/gcc/avr/4.8.1/avr5/libgcc.a(_copy_data.o)
 .text.libgcc.fmul
                0x0000000000000000        0x0 /usr/lib/gcc/avr/4.8.1/avr5/libgcc.a(_copy_data.o)
 .text.libgcc.fixed
                0x0000000000000000        0x0 /usr/lib/gcc/avr/4.8.1/avr5/libgcc.a(_copy_data.o)
 .text          0x0000000000000000        0x0 /usr/lib/gcc/avr/4.8.1/avr5/libgcc.a(_clear_bss.o)
 .data          0x0000000000000000        0x0 /usr/lib/gcc/avr/4.8.1/avr5/libgcc.a(_clear_bss.o)
 .bss           0x0000000000000000        0x0 /usr/lib/gcc/avr/4.8.1/avr5/libgcc.a(_clear_bss.o)
 .text.libgcc.mul
                0x0000000000000000        0x0 /usr/lib/gcc/avr/4.8.1/avr5/libgcc.a(_clear_bss.o)
 .text.libgcc.div
                0x0000000000000000        0x0 /usr/lib/gcc/avr/4.8.1/avr5/libgcc.a(_clear_bss.o)
 .text.libgcc   0x0000000000000000        0x0 /usr/lib/gcc/avr/4.8.1/avr5/libgcc.a(_clear_bss.o)
 .text.libgcc.prologue
                0x0000000000000000        0x0 /usr/lib/gcc/avr/4.8.1/avr5/libgcc.a(_clear_bss.o)
 .text.libgcc.builtins
                0x0000000000000000        0x0 /usr/lib/gcc/avr/4.8.1/avr5/libgcc.a(_clear_bss.o)
 .text.libgcc.fmul
                0x0000000000000000        0x0 /usr/lib/gcc/avr/4.8.1/avr5/libgcc.a(_clear_bss.o)
 .text.libgcc.fixed
                0x0000000000000000        0x0 /usr/lib/gcc/avr/4.8.1/avr5/libgcc.a(_clear_bss.o)
 .text          0x0000000000000000        0x0 /usr/lib/gcc/avr/4.8.1/avr5/libgcc.a(_udivmodhi4.o)
 .data          0x0000000000000000        0x0 /usr/lib/gcc/avr/4.8.1/avr5/libgcc.a(_udivmodhi4.o)
 .bss           0x0000000000000000        0x0 /usr/lib/gcc/avr/4.8.1/avr5/libgcc.a(_udivmodhi4.o)
 .text.libgcc.mul
                0x0000000000000000        0x0 /usr/lib/gcc/avr/4.8.1/avr5/libgcc.a(_udivmodhi4.o)
 .text.libgcc   0x0000000000000000        0x0 /usr/lib/gcc/avr/4.8.1/avr5/libgcc.a(_udivmodhi4.o)
 .text.libgcc.prologue
                0x0000000000000000        0x0 /usr/lib/gcc/avr/4.8.1/avr5/libgcc.a(_udivmodhi4.o)
 .text.libgcc.builtins
                0x0000000000000000        0x0 /usr/lib/gcc/avr/4.8.1/avr5/libgcc.a(_udivmodhi4.o)
 .text.libgcc.fmul
                0x0000000000000000        0x0 /usr/lib/gcc/avr/4.8.1/avr5/libgcc.a(_udivmodhi4.o)
 .text.libgcc.fixed
                0x0000000000000000        0x0 /usr/lib/gcc/avr/4.8.1/avr5/libgcc.a(_udivmodhi4.o)
 .text          0x0000000000000000        0x0 /usr/lib/gcc/avr/4.8.1/../../../avr/lib/avr5/libc.a(eerd_byte_atmega32u4.o)
 .data          0x0000000000000000        0x0 /usr/lib/gcc/avr/4.8.1/../../../avr/lib/avr5/libc.a(eerd_byte_atmega32u4.o)
 .bss           0x0000000000000000        0x0 /usr/lib/gcc/avr/4.8.1/../../../avr/lib/avr5/libc.a(eerd_byte_atmega32u4.o)
 .text          0x0000000000000000        0x0 /usr/lib/gcc/avr/4.8.1/../../../avr/lib/avr5/libc.a(eerd_word_atmega32u4.o)
 .data          0x0000000000000000        0x0 /usr/lib/gcc/avr/4.8.1/../../../avr/lib/avr5/libc.a(eerd_word_atmega32u4.o)
 .bss           0x0000000000000000        0x0 /usr/lib/gcc/avr/4.8.1/../../../avr/lib/avr5/libc.a(eerd_word_atmega32u4.o)
 .text          0x0000000000000000        0x0 /usr/lib/gcc/avr/4.8.1/../../../avr/lib/avr5/libc.a(eeupd_byte_atmega32u4.o)
 .data          0x0000000000000000        0x0 /usr/lib/gcc/avr/4.8.1/../../../avr/lib/avr5/libc.a(eeupd_byte_atmega32u4.o)
 .bss           0x0000000000000000        0x0 /usr/lib/gcc/avr/4.8.1/../../../avr/lib/avr5/libc.a(eeupd_byte_atmega32u4.o)
 .text.avr-libc
                0x0000000000000000       0x24 /usr/lib/gcc/avr/4.8.1/../../../avr/lib/avr5/libc.a(eeupd_byte_atmega32u4.o)
 .text          0x0000000000000000        0x0 /usr/lib/gcc/avr/4.8.1/../../../avr/lib/avr5/libc.a(eewr_byte_atmega32u4.o)
 .data          0x0000000000000000        0x0 /usr/lib/gcc/avr/4.8.1/../../../avr/lib/avr5/libc.a(eewr_byte_atmega32u4.o)
 .bss           0x0000000000000000        0x0 /usr/lib/gcc/avr/4.8.1/../../../avr/lib/avr5/libc.a(eewr_byte_atmega32u4.o)
 .text          0x0000000000000000        0x0 /usr/lib/gcc/avr/4.8.1/../../../avr/lib/avr5/libc.a(eewr_word_atmega32u4.o)
 .data          0x0000000000000000        0x0 /usr/lib/gcc/avr/4.8.1/../../../avr/lib/avr5/libc.a(eewr_word_atmega32u4.o)
 .bss           0x0000000000000000        0x0 /usr/lib/gcc/avr/4.8.1/../../../avr/lib/avr5/libc.a(eewr_word_atmega32u4.o)
 .text          0x0000000000000000        0x0 /usr/lib/gcc/avr/4.8.1/../../../avr/lib/avr5/libc.a(eerd_block_atmega32u4.o)
 .data          0x0000000000000000        0x0 /usr/lib/gcc/avr/4.8.1/../../../avr/lib/avr5/libc.a(eerd_block_atmega32u4.o)
 .bss           0x0000000000000000        0x0 /usr/lib/gcc/avr/4.8.1/../../../avr/lib/avr5/libc.a(eerd_block_atmega32u4.o)

内存配置

名称           来源             长度             属性
text             0x0000000000000000 0x0000000000020000 xr
data             0x0000000000800060 0x000000000000ffa0 rw !x
eeprom           0x0000000000810000 0x0000000000010000 rw !x
fuse             0x0000000000820000 0x0000000000000400 rw !x
lock             0x0000000000830000 0x0000000000000400 rw !x
signature        0x0000000000840000 0x0000000000000400 rw !x
user_signatures  0x0000000000850000 0x0000000000000400 rw !x
*default*        0x0000000000000000 0xffffffffffffffff

Linker script and memory map

段 .data 的地址设置为 0x800100
LOAD /usr/lib/gcc/avr/4.8.1/../../../avr/lib/avr5/crtm32u4.o
LOAD obj_hhkb_lufa/keymap_hhkb.o
LOAD obj_hhkb_lufa/keymap_common.o
LOAD obj_hhkb_lufa/matrix.o
LOAD obj_hhkb_lufa/led.o
LOAD obj_hhkb_lufa/protocol/lufa/lufa.o
LOAD obj_hhkb_lufa/protocol/lufa/descriptor.o
LOAD obj_hhkb_lufa/protocol/lufa/LUFA-git/LUFA/Drivers/USB/Class/Common/HIDParser.o
LOAD obj_hhkb_lufa/protocol/lufa/LUFA-git/LUFA/Drivers/USB/Core/AVR8/Device_AVR8.o
LOAD obj_hhkb_lufa/protocol/lufa/LUFA-git/LUFA/Drivers/USB/Core/AVR8/EndpointStream_AVR8.o
LOAD obj_hhkb_lufa/protocol/lufa/LUFA-git/LUFA/Drivers/USB/Core/AVR8/Endpoint_AVR8.o
LOAD obj_hhkb_lufa/protocol/lufa/LUFA-git/LUFA/Drivers/USB/Core/AVR8/Host_AVR8.o
LOAD obj_hhkb_lufa/protocol/lufa/LUFA-git/LUFA/Drivers/USB/Core/AVR8/PipeStream_AVR8.o
LOAD obj_hhkb_lufa/protocol/lufa/LUFA-git/LUFA/Drivers/USB/Core/AVR8/Pipe_AVR8.o
LOAD obj_hhkb_lufa/protocol/lufa/LUFA-git/LUFA/Drivers/USB/Core/AVR8/USBController_AVR8.o
LOAD obj_hhkb_lufa/protocol/lufa/LUFA-git/LUFA/Drivers/USB/Core/AVR8/USBInterrupt_AVR8.o
LOAD obj_hhkb_lufa/protocol/lufa/LUFA-git/LUFA/Drivers/USB/Core/ConfigDescriptors.o
LOAD obj_hhkb_lufa/protocol/lufa/LUFA-git/LUFA/Drivers/USB/Core/DeviceStandardReq.o
LOAD obj_hhkb_lufa/protocol/lufa/LUFA-git/LUFA/Drivers/USB/Core/Events.o
LOAD obj_hhkb_lufa/protocol/lufa/LUFA-git/LUFA/Drivers/USB/Core/HostStandardReq.o
LOAD obj_hhkb_lufa/protocol/lufa/LUFA-git/LUFA/Drivers/USB/Core/USBTask.o
LOAD obj_hhkb_lufa/common/host.o
LOAD obj_hhkb_lufa/common/keyboard.o
LOAD obj_hhkb_lufa/common/action.o
LOAD obj_hhkb_lufa/common/action_tapping.o
LOAD obj_hhkb_lufa/common/action_macro.o
LOAD obj_hhkb_lufa/common/action_layer.o
LOAD obj_hhkb_lufa/common/action_util.o
LOAD obj_hhkb_lufa/common/keymap.o
LOAD obj_hhkb_lufa/common/print.o
LOAD obj_hhkb_lufa/common/debug.o
LOAD obj_hhkb_lufa/common/util.o
LOAD obj_hhkb_lufa/common/avr/suspend.o
LOAD obj_hhkb_lufa/common/avr/xprintf.o
LOAD obj_hhkb_lufa/common/avr/timer.o
LOAD obj_hhkb_lufa/common/avr/bootloader.o
LOAD obj_hhkb_lufa/common/bootmagic.o
LOAD obj_hhkb_lufa/common/avr/eeconfig.o
LOAD obj_hhkb_lufa/common/mousekey.o
LOAD obj_hhkb_lufa/common/command.o
LOAD /usr/lib/gcc/avr/4.8.1/../../../avr/lib/avr5/libm.a
START GROUP
LOAD /usr/lib/gcc/avr/4.8.1/avr5/libgcc.a
LOAD /usr/lib/gcc/avr/4.8.1/../../../avr/lib/avr5/libm.a
LOAD /usr/lib/gcc/avr/4.8.1/../../../avr/lib/avr5/libc.a
END GROUP

.hash
 *(.hash)

.dynsym
 *(.dynsym)

.dynstr
 *(.dynstr)

.gnu.version
 *(.gnu.version)

.gnu.version_d
 *(.gnu.version_d)

.gnu.version_r
 *(.gnu.version_r)

.rel.init
 *(.rel.init)

.rela.init
 *(.rela.init)

.rel.text
 *(.rel.text)
 *(.rel.text.*)
 *(.rel.gnu.linkonce.t*)

.rela.text
 *(.rela.text)
 *(.rela.text.*)
 *(.rela.gnu.linkonce.t*)

.rel.fini
 *(.rel.fini)

.rela.fini
 *(.rela.fini)

.rel.rodata
 *(.rel.rodata)
 *(.rel.rodata.*)
 *(.rel.gnu.linkonce.r*)

.rela.rodata
 *(.rela.rodata)
 *(.rela.rodata.*)
 *(.rela.gnu.linkonce.r*)

.rel.data
 *(.rel.data)
 *(.rel.data.*)
 *(.rel.gnu.linkonce.d*)

.rela.data
 *(.rela.data)
 *(.rela.data.*)
 *(.rela.gnu.linkonce.d*)

.rel.ctors
 *(.rel.ctors)

.rela.ctors
 *(.rela.ctors)

.rel.dtors
 *(.rel.dtors)

.rela.dtors
 *(.rela.dtors)

.rel.got
 *(.rel.got)

.rela.got
 *(.rela.got)

.rel.bss
 *(.rel.bss)

.rela.bss
 *(.rela.bss)

.rel.plt
 *(.rel.plt)

.rela.plt
 *(.rela.plt)

.text           0x0000000000000000     0x532e
 *(.vectors)
 .vectors       0x0000000000000000       0xac /usr/lib/gcc/avr/4.8.1/../../../avr/lib/avr5/crtm32u4.o
                0x0000000000000000                __vectors
                0x0000000000000000                __vector_default
 *(.vectors)
 *(.progmem.gcc*)
 .progmem.gcc_sw_table.USB_Device_ProcessControlRequest
                0x00000000000000ac       0x14 obj_hhkb_lufa/protocol/lufa/LUFA-git/LUFA/Drivers/USB/Core/DeviceStandardReq.o
 .progmem.gcc_sw_table.process_action
                0x00000000000000c0       0x20 obj_hhkb_lufa/common/action.o
                0x00000000000000e0                . = ALIGN (0x2)
                0x00000000000000e0                __trampolines_start = .
 *(.trampolines)
 .trampolines   0x00000000000000e0        0x0 linker stubs
 *(.trampolines*)
                0x00000000000000e0                __trampolines_end = .
 *(.progmem*)
 .progmem.data.__m.4711
                0x00000000000000e0        0x3 obj_hhkb_lufa/keymap_hhkb.o
 .progmem.data.__m.4709
                0x00000000000000e3        0x5 obj_hhkb_lufa/keymap_hhkb.o
 .progmem.data.__m.4706
                0x00000000000000e8        0x5 obj_hhkb_lufa/keymap_hhkb.o
 .progmem.data.__m.4703
                0x00000000000000ed       0x15 obj_hhkb_lufa/keymap_hhkb.o
 .progmem.data.fn_actions
                0x0000000000000102        0x8 obj_hhkb_lufa/keymap_hhkb.o
                0x0000000000000102                fn_actions
 .progmem.data.keymaps
                0x000000000000010a       0xc0 obj_hhkb_lufa/keymap_hhkb.o
                0x000000000000010a                keymaps
 .progmem.data.__c.4559
                0x00000000000001ca        0xc obj_hhkb_lufa/matrix.o
 .progmem.data.__c.4556
                0x00000000000001d6        0xf obj_hhkb_lufa/matrix.o
 .progmem.data.__c.4776
                0x00000000000001e5        0x4 obj_hhkb_lufa/protocol/lufa/lufa.o
 .progmem.data.__c.4774
                0x00000000000001e9       0x11 obj_hhkb_lufa/protocol/lufa/lufa.o
 .progmem.data.__c.4772
                0x00000000000001fa       0x11 obj_hhkb_lufa/protocol/lufa/lufa.o
 .progmem.data.__c.4670
                0x000000000000020b        0x4 obj_hhkb_lufa/protocol/lufa/lufa.o
 .progmem.data.__c.4666
                0x000000000000020f        0x4 obj_hhkb_lufa/protocol/lufa/lufa.o
 .progmem.data.__c.4662
                0x0000000000000213        0x4 obj_hhkb_lufa/protocol/lufa/lufa.o
 .progmem.data.__c.4657
                0x0000000000000217        0x4 obj_hhkb_lufa/protocol/lufa/lufa.o
 .progmem.data.__c.4652
                0x000000000000021b        0x4 obj_hhkb_lufa/protocol/lufa/lufa.o
 .progmem.data.ProductString
                0x000000000000021f       0x14 obj_hhkb_lufa/protocol/lufa/descriptor.o
                0x000000000000021f                ProductString
 .progmem.data.ManufacturerString
                0x0000000000000233       0x10 obj_hhkb_lufa/protocol/lufa/descriptor.o
                0x0000000000000233                ManufacturerString
 .progmem.data.LanguageString
                0x0000000000000243        0x4 obj_hhkb_lufa/protocol/lufa/descriptor.o
                0x0000000000000243                LanguageString
 .progmem.data.ConfigurationDescriptor
                0x0000000000000247       0x8d obj_hhkb_lufa/protocol/lufa/descriptor.o
                0x0000000000000247                ConfigurationDescriptor
 .progmem.data.DeviceDescriptor
                0x00000000000002d4       0x12 obj_hhkb_lufa/protocol/lufa/descriptor.o
                0x00000000000002d4                DeviceDescriptor
 .progmem.data.NKROReport
                0x00000000000002e6       0x39 obj_hhkb_lufa/protocol/lufa/descriptor.o
                0x00000000000002e6                NKROReport
 .progmem.data.ConsoleReport
                0x000000000000031f       0x20 obj_hhkb_lufa/protocol/lufa/descriptor.o
                0x000000000000031f                ConsoleReport
 .progmem.data.ExtrakeyReport
                0x000000000000033f       0x36 obj_hhkb_lufa/protocol/lufa/descriptor.o
                0x000000000000033f                ExtrakeyReport
 .progmem.data.MouseReport
                0x0000000000000375       0x4d obj_hhkb_lufa/protocol/lufa/descriptor.o
                0x0000000000000375                MouseReport
 .progmem.data.KeyboardReport
                0x00000000000003c2       0x3f obj_hhkb_lufa/protocol/lufa/descriptor.o
                0x00000000000003c2                KeyboardReport
 .progmem.data.__c.4427
                0x0000000000000401        0x2 obj_hhkb_lufa/common/host.o
 .progmem.data.__c.4422
                0x0000000000000403        0x6 obj_hhkb_lufa/common/host.o
 .progmem.data.__c.4419
                0x0000000000000409       0x12 obj_hhkb_lufa/common/host.o
 .progmem.data.__c.4764
                0x000000000000041b        0x2 obj_hhkb_lufa/common/keyboard.o
 .progmem.data.__c.4762
                0x000000000000041d        0x5 obj_hhkb_lufa/common/keyboard.o
 .progmem.data.__c.4760
                0x0000000000000422       0x13 obj_hhkb_lufa/common/keyboard.o
 .progmem.data.__c.4570
                0x0000000000000435       0x1e obj_hhkb_lufa/common/action_util.o
 .progmem.data.__c.4565
                0x0000000000000453       0x1e obj_hhkb_lufa/common/action_util.o
 .progmem.data.__c.4478
                0x0000000000000471       0x12 obj_hhkb_lufa/common/action_util.o
 .progmem.data.__c.4704
                0x0000000000000483        0x7 obj_hhkb_lufa/common/bootmagic.o
 .progmem.data.__c.4698
                0x000000000000048a       0x15 obj_hhkb_lufa/common/bootmagic.o
 .progmem.data.__c.4499
                0x000000000000049f        0x3 obj_hhkb_lufa/common/mousekey.o
 .progmem.data.__c.4497
                0x00000000000004a2        0x3 obj_hhkb_lufa/common/mousekey.o
 .progmem.data.__c.4495
                0x00000000000004a5        0x2 obj_hhkb_lufa/common/mousekey.o
 .progmem.data.__c.4493
                0x00000000000004a7        0x3 obj_hhkb_lufa/common/mousekey.o
 .progmem.data.__c.4491
                0x00000000000004aa        0x3 obj_hhkb_lufa/common/mousekey.o
 .progmem.data.__c.4489
                0x00000000000004ad        0x3 obj_hhkb_lufa/common/mousekey.o
 .progmem.data.__c.4487
                0x00000000000004b0        0x2 obj_hhkb_lufa/common/mousekey.o
 .progmem.data.__c.4485
                0x00000000000004b2        0x3 obj_hhkb_lufa/common/mousekey.o
 .progmem.data.__c.4483
                0x00000000000004b5        0x2 obj_hhkb_lufa/common/mousekey.o
 .progmem.data.__c.4481
                0x00000000000004b7        0x3 obj_hhkb_lufa/common/mousekey.o
 .progmem.data.__c.4479
                0x00000000000004ba        0x2 obj_hhkb_lufa/common/mousekey.o
 .progmem.data.__c.4477
                0x00000000000004bc        0x3 obj_hhkb_lufa/common/mousekey.o
 .progmem.data.__c.4475
                0x00000000000004bf        0x2 obj_hhkb_lufa/common/mousekey.o
 .progmem.data.__c.4473
                0x00000000000004c1        0x5 obj_hhkb_lufa/common/mousekey.o
 .progmem.data.__c.4471
                0x00000000000004c6       0x23 obj_hhkb_lufa/common/mousekey.o
 .progmem.data.__c.5095
                0x00000000000004e9       0x1b obj_hhkb_lufa/common/command.o
 .progmem.data.__c.5092
                0x0000000000000504       0x19 obj_hhkb_lufa/common/command.o
 .progmem.data.__c.5089
                0x000000000000051d       0x15 obj_hhkb_lufa/common/command.o
 .progmem.data.__c.5086
                0x0000000000000532       0x13 obj_hhkb_lufa/common/command.o
 .progmem.data.__c.5083
                0x0000000000000545       0x12 obj_hhkb_lufa/common/command.o
 .progmem.data.__c.5079
                0x0000000000000557        0xf obj_hhkb_lufa/common/command.o
 .progmem.data.__c.5072
                0x0000000000000566       0x1b obj_hhkb_lufa/common/command.o
 .progmem.data.__c.5069
                0x0000000000000581       0x19 obj_hhkb_lufa/common/command.o
 .progmem.data.__c.5066
                0x000000000000059a       0x15 obj_hhkb_lufa/common/command.o
 .progmem.data.__c.5063
                0x00000000000005af       0x13 obj_hhkb_lufa/common/command.o
 .progmem.data.__c.5060
                0x00000000000005c2       0x12 obj_hhkb_lufa/common/command.o
 .progmem.data.__c.5056
                0x00000000000005d4        0xf obj_hhkb_lufa/common/command.o
 .progmem.data.__c.5049
                0x00000000000005e3        0x2 obj_hhkb_lufa/common/command.o
 .progmem.data.__c.5047
                0x00000000000005e5        0x3 obj_hhkb_lufa/common/command.o
 .progmem.data.__c.5045
                0x00000000000005e8       0x17 obj_hhkb_lufa/common/command.o
 .progmem.data.__c.5043
                0x00000000000005ff        0x2 obj_hhkb_lufa/common/command.o
 .progmem.data.__c.5041
                0x0000000000000601        0x3 obj_hhkb_lufa/common/command.o
 .progmem.data.__c.5039
                0x0000000000000604       0x15 obj_hhkb_lufa/common/command.o
 .progmem.data.__c.5037
                0x0000000000000619        0x2 obj_hhkb_lufa/common/command.o
 .progmem.data.__c.5035
                0x000000000000061b        0x3 obj_hhkb_lufa/common/command.o
 .progmem.data.__c.5033
                0x000000000000061e       0x11 obj_hhkb_lufa/common/command.o
 .progmem.data.__c.5031
                0x000000000000062f        0x2 obj_hhkb_lufa/common/command.o
 .progmem.data.__c.5029
                0x0000000000000631        0x3 obj_hhkb_lufa/common/command.o
 .progmem.data.__c.5027
                0x0000000000000634        0xf obj_hhkb_lufa/common/command.o
 .progmem.data.__c.5025
                0x0000000000000643        0x2 obj_hhkb_lufa/common/command.o
 .progmem.data.__c.5023
                0x0000000000000645        0x3 obj_hhkb_lufa/common/command.o
 .progmem.data.__c.5021
                0x0000000000000648       0x12 obj_hhkb_lufa/common/command.o
 .progmem.data.__c.5019
                0x000000000000065a        0x2 obj_hhkb_lufa/common/command.o
 .progmem.data.__c.5017
                0x000000000000065c        0x3 obj_hhkb_lufa/common/command.o
 .progmem.data.__c.5015
                0x000000000000065f       0x12 obj_hhkb_lufa/common/command.o
 .progmem.data.__c.5013
                0x0000000000000671        0xe obj_hhkb_lufa/common/command.o
 .progmem.data.__c.5133
                0x000000000000067f        0x3 obj_hhkb_lufa/common/command.o
 .progmem.data.__c.5131
                0x0000000000000682        0x6 obj_hhkb_lufa/common/command.o
 .progmem.data.__c.5129
                0x0000000000000688        0x2 obj_hhkb_lufa/common/command.o
 .progmem.data.__c.5126
                0x000000000000068a        0xd obj_hhkb_lufa/common/command.o
 .progmem.data.__c.5112
                0x0000000000000697        0x4 obj_hhkb_lufa/common/command.o
 .progmem.data.__c.5102
                0x000000000000069b       0x4e obj_hhkb_lufa/common/command.o
 .progmem.data.__c.5100
                0x00000000000006e9       0xfb obj_hhkb_lufa/common/command.o
 .progmem.data.__c.5005
                0x00000000000007e4        0x2 obj_hhkb_lufa/common/command.o
 .progmem.data.__c.5002
                0x00000000000007e6        0x4 obj_hhkb_lufa/common/command.o
 .progmem.data.__c.5007
                0x00000000000007ea        0x4 obj_hhkb_lufa/common/command.o
 .progmem.data.__c.5151
                0x00000000000007ee        0x5 obj_hhkb_lufa/common/command.o
 .progmem.data.__c.4991
                0x00000000000007f3       0x27 obj_hhkb_lufa/common/command.o
 .progmem.data.__c.4815
                0x000000000000081a       0xa5 obj_hhkb_lufa/common/command.o
 .progmem.data.__c.4910
                0x00000000000008bf        0x2 obj_hhkb_lufa/common/command.o
 .progmem.data.__c.4908
                0x00000000000008c1        0x3 obj_hhkb_lufa/common/command.o
 .progmem.data.__c.4906
                0x00000000000008c4        0x8 obj_hhkb_lufa/common/command.o
 .progmem.data.__c.4904
                0x00000000000008cc        0x2 obj_hhkb_lufa/common/command.o
 .progmem.data.__c.4902
                0x00000000000008ce        0x3 obj_hhkb_lufa/common/command.o
 .progmem.data.__c.4900
                0x00000000000008d1       0x1c obj_hhkb_lufa/common/command.o
 .progmem.data.__c.4898
                0x00000000000008ed        0x2 obj_hhkb_lufa/common/command.o
 .progmem.data.__c.4896
                0x00000000000008ef        0x3 obj_hhkb_lufa/common/command.o
 .progmem.data.__c.4894
                0x00000000000008f2       0x12 obj_hhkb_lufa/common/command.o
 .progmem.data.__c.4892
                0x0000000000000904        0x2 obj_hhkb_lufa/common/command.o
 .progmem.data.__c.4890
                0x0000000000000906        0x3 obj_hhkb_lufa/common/command.o
 .progmem.data.__c.4888
                0x0000000000000909        0xa obj_hhkb_lufa/common/command.o
 .progmem.data.__c.4886
                0x0000000000000913        0x2 obj_hhkb_lufa/common/command.o
 .progmem.data.__c.4884
                0x0000000000000915        0x3 obj_hhkb_lufa/common/command.o
 .progmem.data.__c.4882
                0x0000000000000918       0x12 obj_hhkb_lufa/common/command.o
 .progmem.data.__c.4880
                0x000000000000092a        0x2 obj_hhkb_lufa/common/command.o
 .progmem.data.__c.4878
                0x000000000000092c        0x3 obj_hhkb_lufa/common/command.o
 .progmem.data.__c.4876
                0x000000000000092f       0x12 obj_hhkb_lufa/common/command.o
 .progmem.data.__c.4874
                0x0000000000000941        0x2 obj_hhkb_lufa/common/command.o
 .progmem.data.__c.4872
                0x0000000000000943        0x3 obj_hhkb_lufa/common/command.o
 .progmem.data.__c.4870
                0x0000000000000946       0x17 obj_hhkb_lufa/common/command.o
 .progmem.data.__c.4868
                0x000000000000095d        0x2 obj_hhkb_lufa/common/command.o
 .progmem.data.__c.4866
                0x000000000000095f        0x3 obj_hhkb_lufa/common/command.o
 .progmem.data.__c.4864
                0x0000000000000962       0x19 obj_hhkb_lufa/common/command.o
 .progmem.data.__c.4862
                0x000000000000097b        0x2 obj_hhkb_lufa/common/command.o
 .progmem.data.__c.4860
                0x000000000000097d        0x5 obj_hhkb_lufa/common/command.o
 .progmem.data.__c.4858
                0x0000000000000982       0x14 obj_hhkb_lufa/common/command.o
 .progmem.data.__c.4855
                0x0000000000000996        0x2 obj_hhkb_lufa/common/command.o
 .progmem.data.__c.4853
                0x0000000000000998        0x3 obj_hhkb_lufa/common/command.o
 .progmem.data.__c.4851
                0x000000000000099b        0x9 obj_hhkb_lufa/common/command.o
 .progmem.data.__c.4849
                0x00000000000009a4        0x2 obj_hhkb_lufa/common/command.o
 .progmem.data.__c.4847
                0x00000000000009a6        0x3 obj_hhkb_lufa/common/command.o
 .progmem.data.__c.4845
                0x00000000000009a9        0xc obj_hhkb_lufa/common/command.o
 .progmem.data.__c.4843
                0x00000000000009b5        0x2 obj_hhkb_lufa/common/command.o
 .progmem.data.__c.4841
                0x00000000000009b7        0x3 obj_hhkb_lufa/common/command.o
 .progmem.data.__c.4839
                0x00000000000009ba        0xa obj_hhkb_lufa/common/command.o
 .progmem.data.__c.4837
                0x00000000000009c4        0x2 obj_hhkb_lufa/common/command.o
 .progmem.data.__c.4835
                0x00000000000009c6        0x3 obj_hhkb_lufa/common/command.o
 .progmem.data.__c.4833
                0x00000000000009c9        0xa obj_hhkb_lufa/common/command.o
 .progmem.data.__c.4831
                0x00000000000009d3        0x2 obj_hhkb_lufa/common/command.o
 .progmem.data.__c.4829
                0x00000000000009d5        0x5 obj_hhkb_lufa/common/command.o
 .progmem.data.__c.4827
                0x00000000000009da       0x13 obj_hhkb_lufa/common/command.o
 .progmem.data.__c.4824
                0x00000000000009ed        0x2 obj_hhkb_lufa/common/command.o
 .progmem.data.__c.4822
                0x00000000000009ef        0x3 obj_hhkb_lufa/common/command.o
 .progmem.data.__c.4820
                0x00000000000009f2       0x10 obj_hhkb_lufa/common/command.o
 .progmem.data.__c.4986
                0x0000000000000a02        0x2 obj_hhkb_lufa/common/command.o
 .progmem.data.__c.4977
                0x0000000000000a04        0xb obj_hhkb_lufa/common/command.o
 .progmem.data.__c.4975
                0x0000000000000a0f        0xa obj_hhkb_lufa/common/command.o
 .progmem.data.__c.4972
                0x0000000000000a19       0x14 obj_hhkb_lufa/common/command.o
 .progmem.data.__c.4970
                0x0000000000000a2d       0x13 obj_hhkb_lufa/common/command.o
 .progmem.data.__c.4968
                0x0000000000000a40       0x13 obj_hhkb_lufa/common/command.o
 .progmem.data.__c.4966
                0x0000000000000a53       0x17 obj_hhkb_lufa/common/command.o
 .progmem.data.__c.4964
                0x0000000000000a6a       0x1a obj_hhkb_lufa/common/command.o
 .progmem.data.__c.4962
                0x0000000000000a84        0xe obj_hhkb_lufa/common/command.o
 .progmem.data.__c.4959
                0x0000000000000a92       0x2e obj_hhkb_lufa/common/command.o
 .progmem.data.__c.4957
                0x0000000000000ac0       0x44 obj_hhkb_lufa/common/command.o
 .progmem.data.__c.4955
                0x0000000000000b04       0x2d obj_hhkb_lufa/common/command.o
 .progmem.data.__c.4953
                0x0000000000000b31       0x37 obj_hhkb_lufa/common/command.o
 .progmem.data.__c.4951
                0x0000000000000b68       0x2d obj_hhkb_lufa/common/command.o
 .progmem.data.__c.4949
                0x0000000000000b95        0xf obj_hhkb_lufa/common/command.o
 .progmem.data.__c.4946
                0x0000000000000ba4        0xd obj_hhkb_lufa/common/command.o
 .progmem.data.__c.4944
                0x0000000000000bb1        0xc obj_hhkb_lufa/common/command.o
 .progmem.data.__c.4941
                0x0000000000000bbd       0x10 obj_hhkb_lufa/common/command.o
 .progmem.data.__c.4939
                0x0000000000000bcd        0xf obj_hhkb_lufa/common/command.o
 .progmem.data.__c.4936
                0x0000000000000bdc        0xe obj_hhkb_lufa/common/command.o
 .progmem.data.__c.4934
                0x0000000000000bea        0xd obj_hhkb_lufa/common/command.o
 .progmem.data.__c.4931
                0x0000000000000bf7        0xc obj_hhkb_lufa/common/command.o
 .progmem.data.__c.4929
                0x0000000000000c03        0xd obj_hhkb_lufa/common/command.o
 .progmem.data.__c.4926
                0x0000000000000c10       0x11 obj_hhkb_lufa/common/command.o
 .progmem.data.__c.4923
                0x0000000000000c21        0x4 obj_hhkb_lufa/common/command.o
 .progmem.data.__c.4917
                0x0000000000000c25        0xb obj_hhkb_lufa/common/command.o
                0x0000000000000c30                . = ALIGN (0x2)
 *(.jumptables)
 *(.jumptables*)
 *(.lowtext)
 *(.lowtext*)
                0x0000000000000c30                __ctors_start = .
 *(.ctors)
                0x0000000000000c30                __ctors_end = .
                0x0000000000000c30                __dtors_start = .
 *(.dtors)
                0x0000000000000c30                __dtors_end = .
 SORT(*)(.ctors)
 SORT(*)(.dtors)
 *(.init0)
 .init0         0x0000000000000c30        0x0 /usr/lib/gcc/avr/4.8.1/../../../avr/lib/avr5/crtm32u4.o
                0x0000000000000c30                __init
 *(.init0)
 *(.init1)
 *(.init1)
 *(.init2)
 .init2         0x0000000000000c30        0xc /usr/lib/gcc/avr/4.8.1/../../../avr/lib/avr5/crtm32u4.o
 *(.init2)
 *(.init3)
 .init3         0x0000000000000c3c       0x4e obj_hhkb_lufa/common/avr/bootloader.o
                0x0000000000000c3c                bootloader_jump_after_watchdog_reset
 *(.init3)
 *(.init4)
 .init4         0x0000000000000c8a       0x16 /usr/lib/gcc/avr/4.8.1/avr5/libgcc.a(_copy_data.o)
                0x0000000000000c8a                __do_copy_data
 .init4         0x0000000000000ca0       0x10 /usr/lib/gcc/avr/4.8.1/avr5/libgcc.a(_clear_bss.o)
                0x0000000000000ca0                __do_clear_bss
 *(.init4)
 *(.init5)
 *(.init5)
 *(.init6)
 *(.init6)
 *(.init7)
 *(.init7)
 *(.init8)
 *(.init8)
 *(.init9)
 .init9         0x0000000000000cb0        0x8 /usr/lib/gcc/avr/4.8.1/../../../avr/lib/avr5/crtm32u4.o
 *(.init9)
 *(.text)
 .text          0x0000000000000cb8        0x4 /usr/lib/gcc/avr/4.8.1/../../../avr/lib/avr5/crtm32u4.o
                0x0000000000000cb8                __vector_38
                0x0000000000000cb8                __vector_22
                0x0000000000000cb8                __vector_28
                0x0000000000000cb8                __vector_1
                0x0000000000000cb8                __vector_32
                0x0000000000000cb8                __vector_34
                0x0000000000000cb8                __vector_24
                0x0000000000000cb8                __bad_interrupt
                0x0000000000000cb8                __vector_6
                0x0000000000000cb8                __vector_31
                0x0000000000000cb8                __vector_35
                0x0000000000000cb8                __vector_39
                0x0000000000000cb8                __vector_3
                0x0000000000000cb8                __vector_23
                0x0000000000000cb8                __vector_30
                0x0000000000000cb8                __vector_25
                0x0000000000000cb8                __vector_11
                0x0000000000000cb8                __vector_13
                0x0000000000000cb8                __vector_17
                0x0000000000000cb8                __vector_19
                0x0000000000000cb8                __vector_7
                0x0000000000000cb8                __vector_41
                0x0000000000000cb8                __vector_27
                0x0000000000000cb8                __vector_5
                0x0000000000000cb8                __vector_33
                0x0000000000000cb8                __vector_37
                0x0000000000000cb8                __vector_4
                0x0000000000000cb8                __vector_9
                0x0000000000000cb8                __vector_2
                0x0000000000000cb8                __vector_15
                0x0000000000000cb8                __vector_36
                0x0000000000000cb8                __vector_29
                0x0000000000000cb8                __vector_40
                0x0000000000000cb8                __vector_8
                0x0000000000000cb8                __vector_26
                0x0000000000000cb8                __vector_14
                0x0000000000000cb8                __vector_16
                0x0000000000000cb8                __vector_18
                0x0000000000000cb8                __vector_20
                0x0000000000000cb8                __vector_42
 .text          0x0000000000000cbc      0x15c obj_hhkb_lufa/common/avr/xprintf.o
                0x0000000000000cbc                xputc
                0x0000000000000cd4                xputs
                0x0000000000000ce2                xitoa
                0x0000000000000e06                __xprintf
                0x0000000000000e18                . = ALIGN (0x2)
 *(.text.*)
 .text.action_get_macro
                0x0000000000000e18       0x3e obj_hhkb_lufa/keymap_hhkb.o
                0x0000000000000e18                action_get_macro
 .text.keymap_key_to_keycode
                0x0000000000000e56       0x24 obj_hhkb_lufa/keymap_common.o
                0x0000000000000e56                keymap_key_to_keycode
 .text.keymap_fn_to_action
                0x0000000000000e7a       0x12 obj_hhkb_lufa/keymap_common.o
                0x0000000000000e7a                keymap_fn_to_action
 .text.matrix_init
                0x0000000000000e8c       0x48 obj_hhkb_lufa/matrix.o
                0x0000000000000e8c                matrix_init
 .text.matrix_scan
                0x0000000000000ed4      0x19c obj_hhkb_lufa/matrix.o
                0x0000000000000ed4                matrix_scan
 .text.matrix_get_row
                0x0000000000001070       0x10 obj_hhkb_lufa/matrix.o
                0x0000000000001070                matrix_get_row
 .text.matrix_print
                0x0000000000001080       0x58 obj_hhkb_lufa/matrix.o
                0x0000000000001080                matrix_print
 .text.matrix_power_up
                0x00000000000010d8        0x2 obj_hhkb_lufa/matrix.o
                0x00000000000010d8                matrix_power_up
 .text.matrix_power_down
                0x00000000000010da        0x2 obj_hhkb_lufa/matrix.o
                0x00000000000010da                matrix_power_down
 .text.led_set  0x00000000000010dc        0xe obj_hhkb_lufa/led.o
                0x00000000000010dc                led_set
 .text.keyboard_leds
                0x00000000000010ea        0x6 obj_hhkb_lufa/protocol/lufa/lufa.o
 .text.sendchar
                0x00000000000010f0       0xc8 obj_hhkb_lufa/protocol/lufa/lufa.o
                0x00000000000010f0                sendchar
 .text.send_consumer
                0x00000000000011b8       0x66 obj_hhkb_lufa/protocol/lufa/lufa.o
 .text.send_system
                0x000000000000121e       0x68 obj_hhkb_lufa/protocol/lufa/lufa.o
 .text.send_mouse
                0x0000000000001286       0x46 obj_hhkb_lufa/protocol/lufa/lufa.o
 .text.send_keyboard
                0x00000000000012cc       0xa4 obj_hhkb_lufa/protocol/lufa/lufa.o
 .text.EVENT_USB_Device_Connect
                0x0000000000001370       0x24 obj_hhkb_lufa/protocol/lufa/lufa.o
                0x0000000000001370                EVENT_USB_Device_Connect
 .text.EVENT_USB_Device_Disconnect
                0x0000000000001394        0xe obj_hhkb_lufa/protocol/lufa/lufa.o
                0x0000000000001394                EVENT_USB_Device_Disconnect
 .text.EVENT_USB_Device_Reset
                0x00000000000013a2        0x8 obj_hhkb_lufa/protocol/lufa/lufa.o
                0x00000000000013a2                EVENT_USB_Device_Reset
 .text.EVENT_USB_Device_Suspend
                0x00000000000013aa        0x8 obj_hhkb_lufa/protocol/lufa/lufa.o
                0x00000000000013aa                EVENT_USB_Device_Suspend
 .text.EVENT_USB_Device_WakeUp
                0x00000000000013b2        0xc obj_hhkb_lufa/protocol/lufa/lufa.o
                0x00000000000013b2                EVENT_USB_Device_WakeUp
 .text.EVENT_USB_Device_StartOfFrame
                0x00000000000013be       0x80 obj_hhkb_lufa/protocol/lufa/lufa.o
                0x00000000000013be                EVENT_USB_Device_StartOfFrame
 .text.EVENT_USB_Device_ConfigurationChanged
                0x000000000000143e       0x32 obj_hhkb_lufa/protocol/lufa/lufa.o
                0x000000000000143e                EVENT_USB_Device_ConfigurationChanged
 .text.EVENT_USB_Device_ControlRequest
                0x0000000000001470      0x164 obj_hhkb_lufa/protocol/lufa/lufa.o
                0x0000000000001470                EVENT_USB_Device_ControlRequest
 .text.startup.main
                0x00000000000015d4       0xa6 obj_hhkb_lufa/protocol/lufa/lufa.o
                0x00000000000015d4                main
 .text.CALLBACK_USB_GetDescriptor
                0x000000000000167a       0xb2 obj_hhkb_lufa/protocol/lufa/descriptor.o
                0x000000000000167a                CALLBACK_USB_GetDescriptor
 .text.USB_Device_SendRemoteWakeup
                0x000000000000172c       0x2c obj_hhkb_lufa/protocol/lufa/LUFA-git/LUFA/Drivers/USB/Core/AVR8/Device_AVR8.o
                0x000000000000172c                USB_Device_SendRemoteWakeup
 .text.Endpoint_Write_Stream_LE
                0x0000000000001758       0x96 obj_hhkb_lufa/protocol/lufa/LUFA-git/LUFA/Drivers/USB/Core/AVR8/EndpointStream_AVR8.o
                0x0000000000001758                Endpoint_Write_Stream_LE
 .text.Endpoint_Write_Control_Stream_LE
                0x00000000000017ee       0xc2 obj_hhkb_lufa/protocol/lufa/LUFA-git/LUFA/Drivers/USB/Core/AVR8/EndpointStream_AVR8.o
                0x00000000000017ee                Endpoint_Write_Control_Stream_LE
 .text.Endpoint_Write_Control_PStream_LE
                0x00000000000018b0       0xc4 obj_hhkb_lufa/protocol/lufa/LUFA-git/LUFA/Drivers/USB/Core/AVR8/EndpointStream_AVR8.o
                0x00000000000018b0                Endpoint_Write_Control_PStream_LE
 .text.Endpoint_ConfigureEndpoint_Prv
                0x0000000000001974       0x6a obj_hhkb_lufa/protocol/lufa/LUFA-git/LUFA/Drivers/USB/Core/AVR8/Endpoint_AVR8.o
                0x0000000000001974                Endpoint_ConfigureEndpoint_Prv
 .text.Endpoint_ClearStatusStage
                0x00000000000019de       0x42 obj_hhkb_lufa/protocol/lufa/LUFA-git/LUFA/Drivers/USB/Core/AVR8/Endpoint_AVR8.o
                0x00000000000019de                Endpoint_ClearStatusStage
 .text.Endpoint_WaitUntilReady
                0x0000000000001a20       0x60 obj_hhkb_lufa/protocol/lufa/LUFA-git/LUFA/Drivers/USB/Core/AVR8/Endpoint_AVR8.o
                0x0000000000001a20                Endpoint_WaitUntilReady
 .text.USB_Disable
                0x0000000000001a80       0x34 obj_hhkb_lufa/protocol/lufa/LUFA-git/LUFA/Drivers/USB/Core/AVR8/USBController_AVR8.o
                0x0000000000001a80                USB_Disable
 .text.USB_ResetInterface
                0x0000000000001ab4       0x86 obj_hhkb_lufa/protocol/lufa/LUFA-git/LUFA/Drivers/USB/Core/AVR8/USBController_AVR8.o
                0x0000000000001ab4                USB_ResetInterface
 .text.USB_Init
                0x0000000000001b3a       0x22 obj_hhkb_lufa/protocol/lufa/LUFA-git/LUFA/Drivers/USB/Core/AVR8/USBController_AVR8.o
                0x0000000000001b3a                USB_Init
 .text.USB_INT_DisableAllInterrupts
                0x0000000000001b5c       0x10 obj_hhkb_lufa/protocol/lufa/LUFA-git/LUFA/Drivers/USB/Core/AVR8/USBInterrupt_AVR8.o
                0x0000000000001b5c                USB_INT_DisableAllInterrupts
 .text.USB_INT_ClearAllInterrupts
                0x0000000000001b6c        0xa obj_hhkb_lufa/protocol/lufa/LUFA-git/LUFA/Drivers/USB/Core/AVR8/USBInterrupt_AVR8.o
                0x0000000000001b6c                USB_INT_ClearAllInterrupts
 .text.__vector_10
                0x0000000000001b76      0x19a obj_hhkb_lufa/protocol/lufa/LUFA-git/LUFA/Drivers/USB/Core/AVR8/USBInterrupt_AVR8.o
                0x0000000000001b76                __vector_10
 .text.USB_Device_ProcessControlRequest
                0x0000000000001d10      0x29c obj_hhkb_lufa/protocol/lufa/LUFA-git/LUFA/Drivers/USB/Core/DeviceStandardReq.o
                0x0000000000001d10                USB_Device_ProcessControlRequest
 .text.USB_USBTask
                0x0000000000001fac       0x3a obj_hhkb_lufa/protocol/lufa/LUFA-git/LUFA/Drivers/USB/Core/USBTask.o
                0x0000000000001fac                USB_USBTask
 .text.host_set_driver
                0x0000000000001fe6        0xa obj_hhkb_lufa/common/host.o
                0x0000000000001fe6                host_set_driver
 .text.host_keyboard_leds
                0x0000000000001ff0       0x18 obj_hhkb_lufa/common/host.o
                0x0000000000001ff0                host_keyboard_leds
 .text.host_keyboard_send
                0x0000000000002008       0x8a obj_hhkb_lufa/common/host.o
                0x0000000000002008                host_keyboard_send
 .text.host_mouse_send
                0x0000000000002092       0x16 obj_hhkb_lufa/common/host.o
                0x0000000000002092                host_mouse_send
 .text.host_system_send
                0x00000000000020a8       0x2c obj_hhkb_lufa/common/host.o
                0x00000000000020a8                host_system_send
 .text.host_consumer_send
                0x00000000000020d4       0x2c obj_hhkb_lufa/common/host.o
                0x00000000000020d4                host_consumer_send
 .text.matrix_setup
                0x0000000000002100        0x2 obj_hhkb_lufa/common/keyboard.o
                0x0000000000002100                matrix_setup
 .text.keyboard_setup
                0x0000000000002102        0x4 obj_hhkb_lufa/common/keyboard.o
                0x0000000000002102                keyboard_setup
 .text.keyboard_init
                0x0000000000002106        0xc obj_hhkb_lufa/common/keyboard.o
                0x0000000000002106                keyboard_init
 .text.keyboard_set_leds
                0x0000000000002112       0x50 obj_hhkb_lufa/common/keyboard.o
[...]
clear_oneshot_mods                                obj_hhkb_lufa/common/action_util.o
                                                  obj_hhkb_lufa/common/action.o
clear_weak_mods                                   obj_hhkb_lufa/common/action_util.o
                                                  obj_hhkb_lufa/common/action.o
command_console_extra                             obj_hhkb_lufa/common/command.o
command_extra                                     obj_hhkb_lufa/common/command.o
command_proc                                      obj_hhkb_lufa/common/command.o
                                                  obj_hhkb_lufa/common/action.o
command_state                                     obj_hhkb_lufa/common/command.o
debug_action                                      obj_hhkb_lufa/common/action.o
debug_config                                      obj_hhkb_lufa/common/debug.o
                                                  obj_hhkb_lufa/common/command.o
                                                  obj_hhkb_lufa/common/mousekey.o
                                                  obj_hhkb_lufa/common/bootmagic.o
                                                  obj_hhkb_lufa/common/action_util.o
                                                  obj_hhkb_lufa/common/keyboard.o
                                                  obj_hhkb_lufa/common/host.o
debug_event                                       obj_hhkb_lufa/common/action.o
                                                  obj_hhkb_lufa/common/action_tapping.o
debug_record                                      obj_hhkb_lufa/common/action.o
                                                  obj_hhkb_lufa/common/action_tapping.o
default_layer_and                                 obj_hhkb_lufa/common/action_layer.o
                                                  obj_hhkb_lufa/common/action.o
default_layer_debug                               obj_hhkb_lufa/common/action_layer.o
                                                  obj_hhkb_lufa/common/action.o
default_layer_or                                  obj_hhkb_lufa/common/action_layer.o
                                                  obj_hhkb_lufa/common/action.o
default_layer_set                                 obj_hhkb_lufa/common/action_layer.o
                                                  obj_hhkb_lufa/common/command.o
                                                  obj_hhkb_lufa/common/bootmagic.o
default_layer_state                               obj_hhkb_lufa/common/action_layer.o
default_layer_xor                                 obj_hhkb_lufa/common/action_layer.o
                                                  obj_hhkb_lufa/common/action.o
del_key                                           obj_hhkb_lufa/common/action_util.o
                                                  obj_hhkb_lufa/common/action.o
del_mods                                          obj_hhkb_lufa/common/action_util.o
                                                  obj_hhkb_lufa/common/action.o
del_weak_mods                                     obj_hhkb_lufa/common/action_util.o
                                                  obj_hhkb_lufa/common/action_macro.o
                                                  obj_hhkb_lufa/common/action.o
eeconfig_disable                                  obj_hhkb_lufa/common/avr/eeconfig.o
eeconfig_enable                                   obj_hhkb_lufa/common/avr/eeconfig.o
eeconfig_init                                     obj_hhkb_lufa/common/avr/eeconfig.o
                                                  obj_hhkb_lufa/common/bootmagic.o
eeconfig_is_enabled                               obj_hhkb_lufa/common/avr/eeconfig.o
                                                  obj_hhkb_lufa/common/bootmagic.o
eeconfig_read_debug                               obj_hhkb_lufa/common/avr/eeconfig.o
                                                  obj_hhkb_lufa/common/command.o
                                                  obj_hhkb_lufa/common/bootmagic.o
eeconfig_read_default_layer                       obj_hhkb_lufa/common/avr/eeconfig.o
                                                  obj_hhkb_lufa/common/command.o
                                                  obj_hhkb_lufa/common/bootmagic.o
eeconfig_read_keymap                              obj_hhkb_lufa/common/avr/eeconfig.o
                                                  obj_hhkb_lufa/common/command.o
                                                  obj_hhkb_lufa/common/bootmagic.o
eeconfig_write_debug                              obj_hhkb_lufa/common/avr/eeconfig.o
                                                  obj_hhkb_lufa/common/bootmagic.o
eeconfig_write_default_layer                      obj_hhkb_lufa/common/avr/eeconfig.o
                                                  obj_hhkb_lufa/common/bootmagic.o
eeconfig_write_keymap                             obj_hhkb_lufa/common/avr/eeconfig.o
                                                  obj_hhkb_lufa/common/bootmagic.o
exit                                              /usr/lib/gcc/avr/4.8.1/avr5/libgcc.a(_exit.o)
                                                  /usr/lib/gcc/avr/4.8.1/../../../avr/lib/avr5/crtm32u4.o
fn_actions                                        obj_hhkb_lufa/keymap_hhkb.o
                                                  obj_hhkb_lufa/keymap_common.o
get_first_key                                     obj_hhkb_lufa/common/action_util.o
get_mods                                          obj_hhkb_lufa/common/action_util.o
get_weak_mods                                     obj_hhkb_lufa/common/action_util.o
has_anykey                                        obj_hhkb_lufa/common/action_util.o
has_anymod                                        obj_hhkb_lufa/common/action_util.o
host_consumer_send                                obj_hhkb_lufa/common/host.o
                                                  obj_hhkb_lufa/common/action.o
host_get_driver                                   obj_hhkb_lufa/common/host.o
host_keyboard_leds                                obj_hhkb_lufa/common/host.o
                                                  obj_hhkb_lufa/common/command.o
                                                  obj_hhkb_lufa/common/keyboard.o
host_keyboard_send                                obj_hhkb_lufa/common/host.o
                                                  obj_hhkb_lufa/common/action_util.o
host_last_consumer_report                         obj_hhkb_lufa/common/host.o
host_last_sysytem_report                          obj_hhkb_lufa/common/host.o
host_mouse_send                                   obj_hhkb_lufa/common/host.o
                                                  obj_hhkb_lufa/common/mousekey.o
host_set_driver                                   obj_hhkb_lufa/common/host.o
                                                  obj_hhkb_lufa/protocol/lufa/lufa.o
host_system_send                                  obj_hhkb_lufa/common/host.o
                                                  obj_hhkb_lufa/common/action.o
is_tap_key                                        obj_hhkb_lufa/common/action.o
                                                  obj_hhkb_lufa/common/action_tapping.o
keyboard_idle                                     obj_hhkb_lufa/protocol/lufa/lufa.o
                                                  obj_hhkb_lufa/common/command.o
keyboard_init                                     obj_hhkb_lufa/common/keyboard.o
                                                  obj_hhkb_lufa/protocol/lufa/lufa.o
keyboard_nkro                                     obj_hhkb_lufa/common/host.o
                                                  obj_hhkb_lufa/common/command.o
                                                  obj_hhkb_lufa/common/bootmagic.o
                                                  obj_hhkb_lufa/common/action_util.o
                                                  obj_hhkb_lufa/protocol/lufa/lufa.o
keyboard_protocol                                 obj_hhkb_lufa/protocol/lufa/lufa.o
                                                  obj_hhkb_lufa/common/command.o
                                                  obj_hhkb_lufa/common/action_util.o
keyboard_report                                   obj_hhkb_lufa/common/action_util.o
                                                  obj_hhkb_lufa/common/command.o
keyboard_set_leds                                 obj_hhkb_lufa/common/keyboard.o
keyboard_setup                                    obj_hhkb_lufa/common/keyboard.o
                                                  obj_hhkb_lufa/protocol/lufa/lufa.o
keyboard_task                                     obj_hhkb_lufa/common/keyboard.o
                                                  obj_hhkb_lufa/protocol/lufa/lufa.o
keymap_config                                     obj_hhkb_lufa/common/command.o
                                                  obj_hhkb_lufa/common/bootmagic.o
                                                  obj_hhkb_lufa/common/keymap.o
                                                  obj_hhkb_lufa/common/keyboard.o
                                                  obj_hhkb_lufa/keymap_common.o
                                                  obj_hhkb_lufa/keymap_hhkb.o
keymap_fn_to_action                               obj_hhkb_lufa/keymap_common.o
                                                  obj_hhkb_lufa/common/keymap.o
keymap_key_to_keycode                             obj_hhkb_lufa/keymap_common.o
                                                  obj_hhkb_lufa/common/bootmagic.o
                                                  obj_hhkb_lufa/common/keymap.o
keymaps                                           obj_hhkb_lufa/keymap_hhkb.o
                                                  obj_hhkb_lufa/keymap_common.o
layer_and                                         obj_hhkb_lufa/common/action_layer.o
                                                  obj_hhkb_lufa/common/action.o
layer_clear                                       obj_hhkb_lufa/common/action_layer.o
                                                  obj_hhkb_lufa/common/action.o
layer_debug                                       obj_hhkb_lufa/common/action_layer.o
                                                  obj_hhkb_lufa/common/action.o
layer_invert                                      obj_hhkb_lufa/common/action_layer.o
                                                  obj_hhkb_lufa/common/action.o
layer_move                                        obj_hhkb_lufa/common/action_layer.o
                                                  obj_hhkb_lufa/common/action.o
layer_off                                         obj_hhkb_lufa/common/action_layer.o
                                                  obj_hhkb_lufa/common/action.o
layer_on                                          obj_hhkb_lufa/common/action_layer.o
                                                  obj_hhkb_lufa/common/action.o
layer_or                                          obj_hhkb_lufa/common/action_layer.o
                                                  obj_hhkb_lufa/common/action.o
layer_state                                       obj_hhkb_lufa/common/action_layer.o
layer_switch_get_action                           obj_hhkb_lufa/common/action_layer.o
                                                  obj_hhkb_lufa/common/action_tapping.o
                                                  obj_hhkb_lufa/common/action.o
layer_xor                                         obj_hhkb_lufa/common/action_layer.o
                                                  obj_hhkb_lufa/common/action.o
led_set                                           obj_hhkb_lufa/led.o
                                                  obj_hhkb_lufa/common/keyboard.o
lufa_driver                                       obj_hhkb_lufa/protocol/lufa/lufa.o
main                                              obj_hhkb_lufa/protocol/lufa/lufa.o
                                                  /usr/lib/gcc/avr/4.8.1/../../../avr/lib/avr5/crtm32u4.o
matrix_cols                                       obj_hhkb_lufa/matrix.o
matrix_get_row                                    obj_hhkb_lufa/matrix.o
                                                  obj_hhkb_lufa/common/bootmagic.o
                                                  obj_hhkb_lufa/common/avr/suspend.o
                                                  obj_hhkb_lufa/common/keyboard.o
matrix_init                                       obj_hhkb_lufa/matrix.o
                                                  obj_hhkb_lufa/common/keyboard.o
matrix_is_modified                                obj_hhkb_lufa/matrix.o
matrix_is_on                                      obj_hhkb_lufa/matrix.o
matrix_power_down                                 obj_hhkb_lufa/matrix.o
matrix_power_up                                   obj_hhkb_lufa/matrix.o
matrix_print                                      obj_hhkb_lufa/matrix.o
                                                  obj_hhkb_lufa/common/keyboard.o
matrix_rows                                       obj_hhkb_lufa/matrix.o
matrix_scan                                       obj_hhkb_lufa/matrix.o
                                                  obj_hhkb_lufa/common/bootmagic.o
                                                  obj_hhkb_lufa/common/avr/suspend.o
                                                  obj_hhkb_lufa/common/keyboard.o
matrix_setup                                      obj_hhkb_lufa/common/keyboard.o
mk_delay                                          obj_hhkb_lufa/common/mousekey.o
                                                  obj_hhkb_lufa/common/command.o
mk_interval                                       obj_hhkb_lufa/common/mousekey.o
                                                  obj_hhkb_lufa/common/command.o
mk_max_speed                                      obj_hhkb_lufa/common/mousekey.o
                                                  obj_hhkb_lufa/common/command.o
mk_time_to_max                                    obj_hhkb_lufa/common/mousekey.o
                                                  obj_hhkb_lufa/common/command.o
mk_wheel_max_speed                                obj_hhkb_lufa/common/mousekey.o
                                                  obj_hhkb_lufa/common/command.o
mk_wheel_time_to_max                              obj_hhkb_lufa/common/mousekey.o
                                                  obj_hhkb_lufa/common/command.o
mousekey_clear                                    obj_hhkb_lufa/common/mousekey.o
                                                  obj_hhkb_lufa/common/action.o
mousekey_off                                      obj_hhkb_lufa/common/mousekey.o
                                                  obj_hhkb_lufa/common/action.o
mousekey_on                                       obj_hhkb_lufa/common/mousekey.o
                                                  obj_hhkb_lufa/common/action.o
mousekey_send                                     obj_hhkb_lufa/common/mousekey.o
                                                  obj_hhkb_lufa/common/action.o
mousekey_task                                     obj_hhkb_lufa/common/mousekey.o
                                                  obj_hhkb_lufa/common/keyboard.o
print_set_sendchar                                obj_hhkb_lufa/common/print.o
                                                  obj_hhkb_lufa/protocol/lufa/lufa.o
process_action                                    obj_hhkb_lufa/common/action.o
                                                  obj_hhkb_lufa/common/action_tapping.o
register_code                                     obj_hhkb_lufa/common/action.o
                                                  obj_hhkb_lufa/common/action_macro.o
register_mods                                     obj_hhkb_lufa/common/action.o
reset_key                                         obj_hhkb_lufa/common/avr/bootloader.o
send_keyboard_report                              obj_hhkb_lufa/common/action_util.o
                                                  obj_hhkb_lufa/common/action_macro.o
                                                  obj_hhkb_lufa/common/action.o
sendchar                                          obj_hhkb_lufa/protocol/lufa/lufa.o
set_mods                                          obj_hhkb_lufa/common/action_util.o
set_oneshot_mods                                  obj_hhkb_lufa/common/action_util.o
                                                  obj_hhkb_lufa/common/action.o
set_weak_mods                                     obj_hhkb_lufa/common/action_util.o
suspend_idle                                      obj_hhkb_lufa/common/avr/suspend.o
suspend_power_down                                obj_hhkb_lufa/common/avr/suspend.o
                                                  obj_hhkb_lufa/protocol/lufa/lufa.o
                                                  obj_hhkb_lufa/matrix.o
suspend_wakeup_condition                          obj_hhkb_lufa/common/avr/suspend.o
                                                  obj_hhkb_lufa/protocol/lufa/lufa.o
suspend_wakeup_init                               obj_hhkb_lufa/common/avr/suspend.o
                                                  obj_hhkb_lufa/protocol/lufa/lufa.o
timer_clear                                       obj_hhkb_lufa/common/avr/timer.o
timer_count                                       obj_hhkb_lufa/common/avr/timer.o
                                                  obj_hhkb_lufa/common/command.o
                                                  obj_hhkb_lufa/common/avr/suspend.o
timer_elapsed                                     obj_hhkb_lufa/common/avr/timer.o
                                                  obj_hhkb_lufa/common/mousekey.o
timer_elapsed32                                   obj_hhkb_lufa/common/avr/timer.o
                                                  obj_hhkb_lufa/matrix.o
timer_init                                        obj_hhkb_lufa/common/avr/timer.o
                                                  obj_hhkb_lufa/common/keyboard.o
timer_read                                        obj_hhkb_lufa/common/avr/timer.o
                                                  obj_hhkb_lufa/common/mousekey.o
                                                  obj_hhkb_lufa/common/action_util.o
                                                  obj_hhkb_lufa/common/keyboard.o
timer_read32                                      obj_hhkb_lufa/common/avr/timer.o
                                                  obj_hhkb_lufa/matrix.o
unregister_code                                   obj_hhkb_lufa/common/action.o
                                                  obj_hhkb_lufa/common/action_macro.o
unregister_mods                                   obj_hhkb_lufa/common/action.o
xfunc_out                                         obj_hhkb_lufa/common/avr/xprintf.o
                                                  obj_hhkb_lufa/common/print.o
xitoa                                             obj_hhkb_lufa/common/avr/xprintf.o
xputc                                             obj_hhkb_lufa/common/avr/xprintf.o
xputs                                             obj_hhkb_lufa/common/avr/xprintf.o
                                                  obj_hhkb_lufa/common/command.o
                                                  obj_hhkb_lufa/common/mousekey.o
                                                  obj_hhkb_lufa/common/bootmagic.o
                                                  obj_hhkb_lufa/common/keyboard.o
                                                  obj_hhkb_lufa/common/host.o
                                                  obj_hhkb_lufa/protocol/lufa/lufa.o
                                                  obj_hhkb_lufa/matrix.o
